// Jest Snapshot v1, https://goo.gl/fbAQLP

exports[`Test InputSelectImage component should render correctly 1`] = `
ShallowWrapper {
  "length": 1,
  Symbol(enzyme.__root__): [Circular],
  Symbol(enzyme.__unrendered__): <InputSelectImage
    onClickHandler={[MockFunction]}
    options={
      Array [
        Object {
          "id": "lorem",
          "image": "http://via.placeholder.com/300x300",
          "text": "Lorem",
        },
        Object {
          "id": "ipsum",
          "image": "http://via.placeholder.com/300x300",
          "text": "Ipsum",
        },
        Object {
          "id": "lorem-ipsum",
          "image": "http://via.placeholder.com/300x300",
          "text": "Lorem ipsum",
        },
        Object {
          "id": "sed-ut-perspiciatis",
          "image": "http://via.placeholder.com/300x300",
          "text": "Sed ut perspiciatis",
        },
        Object {
          "id": "perspiciatis",
          "image": "http://via.placeholder.com/300x300",
          "text": "perspiciatis",
        },
      ]
    }
    placeholder="Foo"
  />,
  Symbol(enzyme.__renderer__): Object {
    "batchedUpdates": [Function],
    "getNode": [Function],
    "render": [Function],
    "simulateEvent": [Function],
    "unmount": [Function],
  },
  Symbol(enzyme.__node__): Object {
    "instance": null,
    "key": undefined,
    "nodeType": "host",
    "props": Object {
      "children": Array [
        <Input
          doNotScroll={true}
          onChange={[Function]}
          placeholder="Foo"
          searchIcon={true}
          size="small"
        />,
        Array [
          <div
            className="suggestedItem"
          >
            <div
              className="suggestedImageWrapper"
              onClick={[Function]}
            >
              <div
                className="suggestedImage"
              >
                <img
                  className="image"
                  src="http://via.placeholder.com/300x300"
                />
              </div>
            </div>
            <div
              className="text small"
            >
              Lorem
            </div>
          </div>,
          <div
            className="suggestedItem"
          >
            <div
              className="suggestedImageWrapper"
              onClick={[Function]}
            >
              <div
                className="suggestedImage"
              >
                <img
                  className="image"
                  src="http://via.placeholder.com/300x300"
                />
              </div>
            </div>
            <div
              className="text small"
            >
              Ipsum
            </div>
          </div>,
          <div
            className="suggestedItem"
          >
            <div
              className="suggestedImageWrapper"
              onClick={[Function]}
            >
              <div
                className="suggestedImage"
              >
                <img
                  className="image"
                  src="http://via.placeholder.com/300x300"
                />
              </div>
            </div>
            <div
              className="text small"
            >
              Lorem ipsum
            </div>
          </div>,
          <div
            className="suggestedItem"
          >
            <div
              className="suggestedImageWrapper"
              onClick={[Function]}
            >
              <div
                className="suggestedImage"
              >
                <img
                  className="image"
                  src="http://via.placeholder.com/300x300"
                />
              </div>
            </div>
            <div
              className="text small"
            >
              Sed ut perspiciatis
            </div>
          </div>,
          <div
            className="suggestedItem"
          >
            <div
              className="suggestedImageWrapper"
              onClick={[Function]}
            >
              <div
                className="suggestedImage"
              >
                <img
                  className="image"
                  src="http://via.placeholder.com/300x300"
                />
              </div>
            </div>
            <div
              className="text small"
            >
              perspiciatis
            </div>
          </div>,
        ],
      ],
      "className": "inputSelectImage",
    },
    "ref": null,
    "rendered": Array [
      Object {
        "instance": null,
        "key": undefined,
        "nodeType": "class",
        "props": Object {
          "doNotScroll": true,
          "onChange": [Function],
          "placeholder": "Foo",
          "searchIcon": true,
          "size": "small",
        },
        "ref": "input",
        "rendered": null,
        "type": [Function],
      },
      Object {
        "instance": null,
        "key": "0",
        "nodeType": "host",
        "props": Object {
          "children": Array [
            <div
              className="suggestedImageWrapper"
              onClick={[Function]}
            >
              <div
                className="suggestedImage"
              >
                <img
                  className="image"
                  src="http://via.placeholder.com/300x300"
                />
              </div>
            </div>,
            <div
              className="text small"
            >
              Lorem
            </div>,
          ],
          "className": "suggestedItem",
        },
        "ref": null,
        "rendered": Array [
          Object {
            "instance": null,
            "key": undefined,
            "nodeType": "host",
            "props": Object {
              "children": Array [
                <div
                  className="suggestedImage"
                >
                  <img
                    className="image"
                    src="http://via.placeholder.com/300x300"
                  />
                </div>,
                null,
              ],
              "className": "suggestedImageWrapper",
              "onClick": [Function],
            },
            "ref": null,
            "rendered": Array [
              Object {
                "instance": null,
                "key": "0",
                "nodeType": "host",
                "props": Object {
                  "children": <img
                    className="image"
                    src="http://via.placeholder.com/300x300"
                  />,
                  "className": "suggestedImage",
                },
                "ref": null,
                "rendered": Object {
                  "instance": null,
                  "key": undefined,
                  "nodeType": "host",
                  "props": Object {
                    "className": "image",
                    "src": "http://via.placeholder.com/300x300",
                  },
                  "ref": null,
                  "rendered": null,
                  "type": "img",
                },
                "type": "div",
              },
              null,
            ],
            "type": "div",
          },
          Object {
            "instance": null,
            "key": undefined,
            "nodeType": "host",
            "props": Object {
              "children": "Lorem",
              "className": "text small",
            },
            "ref": null,
            "rendered": "Lorem",
            "type": "div",
          },
        ],
        "type": "div",
      },
      Object {
        "instance": null,
        "key": "1",
        "nodeType": "host",
        "props": Object {
          "children": Array [
            <div
              className="suggestedImageWrapper"
              onClick={[Function]}
            >
              <div
                className="suggestedImage"
              >
                <img
                  className="image"
                  src="http://via.placeholder.com/300x300"
                />
              </div>
            </div>,
            <div
              className="text small"
            >
              Ipsum
            </div>,
          ],
          "className": "suggestedItem",
        },
        "ref": null,
        "rendered": Array [
          Object {
            "instance": null,
            "key": undefined,
            "nodeType": "host",
            "props": Object {
              "children": Array [
                <div
                  className="suggestedImage"
                >
                  <img
                    className="image"
                    src="http://via.placeholder.com/300x300"
                  />
                </div>,
                null,
              ],
              "className": "suggestedImageWrapper",
              "onClick": [Function],
            },
            "ref": null,
            "rendered": Array [
              Object {
                "instance": null,
                "key": "1",
                "nodeType": "host",
                "props": Object {
                  "children": <img
                    className="image"
                    src="http://via.placeholder.com/300x300"
                  />,
                  "className": "suggestedImage",
                },
                "ref": null,
                "rendered": Object {
                  "instance": null,
                  "key": undefined,
                  "nodeType": "host",
                  "props": Object {
                    "className": "image",
                    "src": "http://via.placeholder.com/300x300",
                  },
                  "ref": null,
                  "rendered": null,
                  "type": "img",
                },
                "type": "div",
              },
              null,
            ],
            "type": "div",
          },
          Object {
            "instance": null,
            "key": undefined,
            "nodeType": "host",
            "props": Object {
              "children": "Ipsum",
              "className": "text small",
            },
            "ref": null,
            "rendered": "Ipsum",
            "type": "div",
          },
        ],
        "type": "div",
      },
      Object {
        "instance": null,
        "key": "2",
        "nodeType": "host",
        "props": Object {
          "children": Array [
            <div
              className="suggestedImageWrapper"
              onClick={[Function]}
            >
              <div
                className="suggestedImage"
              >
                <img
                  className="image"
                  src="http://via.placeholder.com/300x300"
                />
              </div>
            </div>,
            <div
              className="text small"
            >
              Lorem ipsum
            </div>,
          ],
          "className": "suggestedItem",
        },
        "ref": null,
        "rendered": Array [
          Object {
            "instance": null,
            "key": undefined,
            "nodeType": "host",
            "props": Object {
              "children": Array [
                <div
                  className="suggestedImage"
                >
                  <img
                    className="image"
                    src="http://via.placeholder.com/300x300"
                  />
                </div>,
                null,
              ],
              "className": "suggestedImageWrapper",
              "onClick": [Function],
            },
            "ref": null,
            "rendered": Array [
              Object {
                "instance": null,
                "key": "2",
                "nodeType": "host",
                "props": Object {
                  "children": <img
                    className="image"
                    src="http://via.placeholder.com/300x300"
                  />,
                  "className": "suggestedImage",
                },
                "ref": null,
                "rendered": Object {
                  "instance": null,
                  "key": undefined,
                  "nodeType": "host",
                  "props": Object {
                    "className": "image",
                    "src": "http://via.placeholder.com/300x300",
                  },
                  "ref": null,
                  "rendered": null,
                  "type": "img",
                },
                "type": "div",
              },
              null,
            ],
            "type": "div",
          },
          Object {
            "instance": null,
            "key": undefined,
            "nodeType": "host",
            "props": Object {
              "children": "Lorem ipsum",
              "className": "text small",
            },
            "ref": null,
            "rendered": "Lorem ipsum",
            "type": "div",
          },
        ],
        "type": "div",
      },
      Object {
        "instance": null,
        "key": "3",
        "nodeType": "host",
        "props": Object {
          "children": Array [
            <div
              className="suggestedImageWrapper"
              onClick={[Function]}
            >
              <div
                className="suggestedImage"
              >
                <img
                  className="image"
                  src="http://via.placeholder.com/300x300"
                />
              </div>
            </div>,
            <div
              className="text small"
            >
              Sed ut perspiciatis
            </div>,
          ],
          "className": "suggestedItem",
        },
        "ref": null,
        "rendered": Array [
          Object {
            "instance": null,
            "key": undefined,
            "nodeType": "host",
            "props": Object {
              "children": Array [
                <div
                  className="suggestedImage"
                >
                  <img
                    className="image"
                    src="http://via.placeholder.com/300x300"
                  />
                </div>,
                null,
              ],
              "className": "suggestedImageWrapper",
              "onClick": [Function],
            },
            "ref": null,
            "rendered": Array [
              Object {
                "instance": null,
                "key": "3",
                "nodeType": "host",
                "props": Object {
                  "children": <img
                    className="image"
                    src="http://via.placeholder.com/300x300"
                  />,
                  "className": "suggestedImage",
                },
                "ref": null,
                "rendered": Object {
                  "instance": null,
                  "key": undefined,
                  "nodeType": "host",
                  "props": Object {
                    "className": "image",
                    "src": "http://via.placeholder.com/300x300",
                  },
                  "ref": null,
                  "rendered": null,
                  "type": "img",
                },
                "type": "div",
              },
              null,
            ],
            "type": "div",
          },
          Object {
            "instance": null,
            "key": undefined,
            "nodeType": "host",
            "props": Object {
              "children": "Sed ut perspiciatis",
              "className": "text small",
            },
            "ref": null,
            "rendered": "Sed ut perspiciatis",
            "type": "div",
          },
        ],
        "type": "div",
      },
      Object {
        "instance": null,
        "key": "4",
        "nodeType": "host",
        "props": Object {
          "children": Array [
            <div
              className="suggestedImageWrapper"
              onClick={[Function]}
            >
              <div
                className="suggestedImage"
              >
                <img
                  className="image"
                  src="http://via.placeholder.com/300x300"
                />
              </div>
            </div>,
            <div
              className="text small"
            >
              perspiciatis
            </div>,
          ],
          "className": "suggestedItem",
        },
        "ref": null,
        "rendered": Array [
          Object {
            "instance": null,
            "key": undefined,
            "nodeType": "host",
            "props": Object {
              "children": Array [
                <div
                  className="suggestedImage"
                >
                  <img
                    className="image"
                    src="http://via.placeholder.com/300x300"
                  />
                </div>,
                null,
              ],
              "className": "suggestedImageWrapper",
              "onClick": [Function],
            },
            "ref": null,
            "rendered": Array [
              Object {
                "instance": null,
                "key": "4",
                "nodeType": "host",
                "props": Object {
                  "children": <img
                    className="image"
                    src="http://via.placeholder.com/300x300"
                  />,
                  "className": "suggestedImage",
                },
                "ref": null,
                "rendered": Object {
                  "instance": null,
                  "key": undefined,
                  "nodeType": "host",
                  "props": Object {
                    "className": "image",
                    "src": "http://via.placeholder.com/300x300",
                  },
                  "ref": null,
                  "rendered": null,
                  "type": "img",
                },
                "type": "div",
              },
              null,
            ],
            "type": "div",
          },
          Object {
            "instance": null,
            "key": undefined,
            "nodeType": "host",
            "props": Object {
              "children": "perspiciatis",
              "className": "text small",
            },
            "ref": null,
            "rendered": "perspiciatis",
            "type": "div",
          },
        ],
        "type": "div",
      },
    ],
    "type": "div",
  },
  Symbol(enzyme.__nodes__): Array [
    Object {
      "instance": null,
      "key": undefined,
      "nodeType": "host",
      "props": Object {
        "children": Array [
          <Input
            doNotScroll={true}
            onChange={[Function]}
            placeholder="Foo"
            searchIcon={true}
            size="small"
          />,
          Array [
            <div
              className="suggestedItem"
            >
              <div
                className="suggestedImageWrapper"
                onClick={[Function]}
              >
                <div
                  className="suggestedImage"
                >
                  <img
                    className="image"
                    src="http://via.placeholder.com/300x300"
                  />
                </div>
              </div>
              <div
                className="text small"
              >
                Lorem
              </div>
            </div>,
            <div
              className="suggestedItem"
            >
              <div
                className="suggestedImageWrapper"
                onClick={[Function]}
              >
                <div
                  className="suggestedImage"
                >
                  <img
                    className="image"
                    src="http://via.placeholder.com/300x300"
                  />
                </div>
              </div>
              <div
                className="text small"
              >
                Ipsum
              </div>
            </div>,
            <div
              className="suggestedItem"
            >
              <div
                className="suggestedImageWrapper"
                onClick={[Function]}
              >
                <div
                  className="suggestedImage"
                >
                  <img
                    className="image"
                    src="http://via.placeholder.com/300x300"
                  />
                </div>
              </div>
              <div
                className="text small"
              >
                Lorem ipsum
              </div>
            </div>,
            <div
              className="suggestedItem"
            >
              <div
                className="suggestedImageWrapper"
                onClick={[Function]}
              >
                <div
                  className="suggestedImage"
                >
                  <img
                    className="image"
                    src="http://via.placeholder.com/300x300"
                  />
                </div>
              </div>
              <div
                className="text small"
              >
                Sed ut perspiciatis
              </div>
            </div>,
            <div
              className="suggestedItem"
            >
              <div
                className="suggestedImageWrapper"
                onClick={[Function]}
              >
                <div
                  className="suggestedImage"
                >
                  <img
                    className="image"
                    src="http://via.placeholder.com/300x300"
                  />
                </div>
              </div>
              <div
                className="text small"
              >
                perspiciatis
              </div>
            </div>,
          ],
        ],
        "className": "inputSelectImage",
      },
      "ref": null,
      "rendered": Array [
        Object {
          "instance": null,
          "key": undefined,
          "nodeType": "class",
          "props": Object {
            "doNotScroll": true,
            "onChange": [Function],
            "placeholder": "Foo",
            "searchIcon": true,
            "size": "small",
          },
          "ref": "input",
          "rendered": null,
          "type": [Function],
        },
        Object {
          "instance": null,
          "key": "0",
          "nodeType": "host",
          "props": Object {
            "children": Array [
              <div
                className="suggestedImageWrapper"
                onClick={[Function]}
              >
                <div
                  className="suggestedImage"
                >
                  <img
                    className="image"
                    src="http://via.placeholder.com/300x300"
                  />
                </div>
              </div>,
              <div
                className="text small"
              >
                Lorem
              </div>,
            ],
            "className": "suggestedItem",
          },
          "ref": null,
          "rendered": Array [
            Object {
              "instance": null,
              "key": undefined,
              "nodeType": "host",
              "props": Object {
                "children": Array [
                  <div
                    className="suggestedImage"
                  >
                    <img
                      className="image"
                      src="http://via.placeholder.com/300x300"
                    />
                  </div>,
                  null,
                ],
                "className": "suggestedImageWrapper",
                "onClick": [Function],
              },
              "ref": null,
              "rendered": Array [
                Object {
                  "instance": null,
                  "key": "0",
                  "nodeType": "host",
                  "props": Object {
                    "children": <img
                      className="image"
                      src="http://via.placeholder.com/300x300"
                    />,
                    "className": "suggestedImage",
                  },
                  "ref": null,
                  "rendered": Object {
                    "instance": null,
                    "key": undefined,
                    "nodeType": "host",
                    "props": Object {
                      "className": "image",
                      "src": "http://via.placeholder.com/300x300",
                    },
                    "ref": null,
                    "rendered": null,
                    "type": "img",
                  },
                  "type": "div",
                },
                null,
              ],
              "type": "div",
            },
            Object {
              "instance": null,
              "key": undefined,
              "nodeType": "host",
              "props": Object {
                "children": "Lorem",
                "className": "text small",
              },
              "ref": null,
              "rendered": "Lorem",
              "type": "div",
            },
          ],
          "type": "div",
        },
        Object {
          "instance": null,
          "key": "1",
          "nodeType": "host",
          "props": Object {
            "children": Array [
              <div
                className="suggestedImageWrapper"
                onClick={[Function]}
              >
                <div
                  className="suggestedImage"
                >
                  <img
                    className="image"
                    src="http://via.placeholder.com/300x300"
                  />
                </div>
              </div>,
              <div
                className="text small"
              >
                Ipsum
              </div>,
            ],
            "className": "suggestedItem",
          },
          "ref": null,
          "rendered": Array [
            Object {
              "instance": null,
              "key": undefined,
              "nodeType": "host",
              "props": Object {
                "children": Array [
                  <div
                    className="suggestedImage"
                  >
                    <img
                      className="image"
                      src="http://via.placeholder.com/300x300"
                    />
                  </div>,
                  null,
                ],
                "className": "suggestedImageWrapper",
                "onClick": [Function],
              },
              "ref": null,
              "rendered": Array [
                Object {
                  "instance": null,
                  "key": "1",
                  "nodeType": "host",
                  "props": Object {
                    "children": <img
                      className="image"
                      src="http://via.placeholder.com/300x300"
                    />,
                    "className": "suggestedImage",
                  },
                  "ref": null,
                  "rendered": Object {
                    "instance": null,
                    "key": undefined,
                    "nodeType": "host",
                    "props": Object {
                      "className": "image",
                      "src": "http://via.placeholder.com/300x300",
                    },
                    "ref": null,
                    "rendered": null,
                    "type": "img",
                  },
                  "type": "div",
                },
                null,
              ],
              "type": "div",
            },
            Object {
              "instance": null,
              "key": undefined,
              "nodeType": "host",
              "props": Object {
                "children": "Ipsum",
                "className": "text small",
              },
              "ref": null,
              "rendered": "Ipsum",
              "type": "div",
            },
          ],
          "type": "div",
        },
        Object {
          "instance": null,
          "key": "2",
          "nodeType": "host",
          "props": Object {
            "children": Array [
              <div
                className="suggestedImageWrapper"
                onClick={[Function]}
              >
                <div
                  className="suggestedImage"
                >
                  <img
                    className="image"
                    src="http://via.placeholder.com/300x300"
                  />
                </div>
              </div>,
              <div
                className="text small"
              >
                Lorem ipsum
              </div>,
            ],
            "className": "suggestedItem",
          },
          "ref": null,
          "rendered": Array [
            Object {
              "instance": null,
              "key": undefined,
              "nodeType": "host",
              "props": Object {
                "children": Array [
                  <div
                    className="suggestedImage"
                  >
                    <img
                      className="image"
                      src="http://via.placeholder.com/300x300"
                    />
                  </div>,
                  null,
                ],
                "className": "suggestedImageWrapper",
                "onClick": [Function],
              },
              "ref": null,
              "rendered": Array [
                Object {
                  "instance": null,
                  "key": "2",
                  "nodeType": "host",
                  "props": Object {
                    "children": <img
                      className="image"
                      src="http://via.placeholder.com/300x300"
                    />,
                    "className": "suggestedImage",
                  },
                  "ref": null,
                  "rendered": Object {
                    "instance": null,
                    "key": undefined,
                    "nodeType": "host",
                    "props": Object {
                      "className": "image",
                      "src": "http://via.placeholder.com/300x300",
                    },
                    "ref": null,
                    "rendered": null,
                    "type": "img",
                  },
                  "type": "div",
                },
                null,
              ],
              "type": "div",
            },
            Object {
              "instance": null,
              "key": undefined,
              "nodeType": "host",
              "props": Object {
                "children": "Lorem ipsum",
                "className": "text small",
              },
              "ref": null,
              "rendered": "Lorem ipsum",
              "type": "div",
            },
          ],
          "type": "div",
        },
        Object {
          "instance": null,
          "key": "3",
          "nodeType": "host",
          "props": Object {
            "children": Array [
              <div
                className="suggestedImageWrapper"
                onClick={[Function]}
              >
                <div
                  className="suggestedImage"
                >
                  <img
                    className="image"
                    src="http://via.placeholder.com/300x300"
                  />
                </div>
              </div>,
              <div
                className="text small"
              >
                Sed ut perspiciatis
              </div>,
            ],
            "className": "suggestedItem",
          },
          "ref": null,
          "rendered": Array [
            Object {
              "instance": null,
              "key": undefined,
              "nodeType": "host",
              "props": Object {
                "children": Array [
                  <div
                    className="suggestedImage"
                  >
                    <img
                      className="image"
                      src="http://via.placeholder.com/300x300"
                    />
                  </div>,
                  null,
                ],
                "className": "suggestedImageWrapper",
                "onClick": [Function],
              },
              "ref": null,
              "rendered": Array [
                Object {
                  "instance": null,
                  "key": "3",
                  "nodeType": "host",
                  "props": Object {
                    "children": <img
                      className="image"
                      src="http://via.placeholder.com/300x300"
                    />,
                    "className": "suggestedImage",
                  },
                  "ref": null,
                  "rendered": Object {
                    "instance": null,
                    "key": undefined,
                    "nodeType": "host",
                    "props": Object {
                      "className": "image",
                      "src": "http://via.placeholder.com/300x300",
                    },
                    "ref": null,
                    "rendered": null,
                    "type": "img",
                  },
                  "type": "div",
                },
                null,
              ],
              "type": "div",
            },
            Object {
              "instance": null,
              "key": undefined,
              "nodeType": "host",
              "props": Object {
                "children": "Sed ut perspiciatis",
                "className": "text small",
              },
              "ref": null,
              "rendered": "Sed ut perspiciatis",
              "type": "div",
            },
          ],
          "type": "div",
        },
        Object {
          "instance": null,
          "key": "4",
          "nodeType": "host",
          "props": Object {
            "children": Array [
              <div
                className="suggestedImageWrapper"
                onClick={[Function]}
              >
                <div
                  className="suggestedImage"
                >
                  <img
                    className="image"
                    src="http://via.placeholder.com/300x300"
                  />
                </div>
              </div>,
              <div
                className="text small"
              >
                perspiciatis
              </div>,
            ],
            "className": "suggestedItem",
          },
          "ref": null,
          "rendered": Array [
            Object {
              "instance": null,
              "key": undefined,
              "nodeType": "host",
              "props": Object {
                "children": Array [
                  <div
                    className="suggestedImage"
                  >
                    <img
                      className="image"
                      src="http://via.placeholder.com/300x300"
                    />
                  </div>,
                  null,
                ],
                "className": "suggestedImageWrapper",
                "onClick": [Function],
              },
              "ref": null,
              "rendered": Array [
                Object {
                  "instance": null,
                  "key": "4",
                  "nodeType": "host",
                  "props": Object {
                    "children": <img
                      className="image"
                      src="http://via.placeholder.com/300x300"
                    />,
                    "className": "suggestedImage",
                  },
                  "ref": null,
                  "rendered": Object {
                    "instance": null,
                    "key": undefined,
                    "nodeType": "host",
                    "props": Object {
                      "className": "image",
                      "src": "http://via.placeholder.com/300x300",
                    },
                    "ref": null,
                    "rendered": null,
                    "type": "img",
                  },
                  "type": "div",
                },
                null,
              ],
              "type": "div",
            },
            Object {
              "instance": null,
              "key": undefined,
              "nodeType": "host",
              "props": Object {
                "children": "perspiciatis",
                "className": "text small",
              },
              "ref": null,
              "rendered": "perspiciatis",
              "type": "div",
            },
          ],
          "type": "div",
        },
      ],
      "type": "div",
    },
  ],
  Symbol(enzyme.__options__): Object {
    "adapter": ReactSixteenAdapter {
      "options": Object {
        "enableComponentDidUpdateOnSetState": true,
      },
    },
  },
}
`;
