// Jest Snapshot v1, https://goo.gl/fbAQLP

exports[`Test BottomNotificationBar component should render correctly 1`] = `
ShallowWrapper {
  "length": 1,
  Symbol(enzyme.__root__): [Circular],
  Symbol(enzyme.__unrendered__): <connectToStores(BottomNotificationBar)
    strings={
      Object {
        "analyzingData": "Analyzing data...",
      }
    }
  >
    Lorem ipsum
  </connectToStores(BottomNotificationBar)>,
  Symbol(enzyme.__renderer__): Object {
    "batchedUpdates": [Function],
    "getNode": [Function],
    "render": [Function],
    "simulateEvent": [Function],
    "unmount": [Function],
  },
  Symbol(enzyme.__node__): Object {
    "instance": null,
    "key": undefined,
    "nodeType": "class",
    "props": Object {
      "children": "Lorem ipsum",
      "linksPercentage": null,
      "strings": Object {
        "analyzingData": "Analyzing data...",
      },
    },
    "ref": null,
    "rendered": "Lorem ipsum",
    "type": [Function],
  },
  Symbol(enzyme.__nodes__): Array [
    Object {
      "instance": null,
      "key": undefined,
      "nodeType": "class",
      "props": Object {
        "children": "Lorem ipsum",
        "linksPercentage": null,
        "strings": Object {
          "analyzingData": "Analyzing data...",
        },
      },
      "ref": null,
      "rendered": "Lorem ipsum",
      "type": [Function],
    },
  ],
  Symbol(enzyme.__options__): Object {
    "adapter": ReactSixteenAdapter {
      "options": Object {
        "enableComponentDidUpdateOnSetState": true,
      },
    },
  },
}
`;
