// Jest Snapshot v1, https://goo.gl/fbAQLP

exports[`Test Button component should render correctly 1`] = `
ShallowWrapper {
  "length": 1,
  Symbol(enzyme.__root__): [Circular],
  Symbol(enzyme.__unrendered__): <Button
    onClickHandler={[MockFunction]}
  >
    Lorem ipsum
  </Button>,
  Symbol(enzyme.__renderer__): Object {
    "batchedUpdates": [Function],
    "getNode": [Function],
    "render": [Function],
    "simulateEvent": [Function],
    "unmount": [Function],
  },
  Symbol(enzyme.__node__): Object {
    "instance": null,
    "key": undefined,
    "nodeType": "host",
    "props": Object {
      "children": <button
        className="button"
        onClick={[Function]}
        style={
          Object {
            "borderColor": undefined,
            "color": undefined,
          }
        }
      >
        Lorem ipsum
      </button>,
      "className": "buttonWrapper",
    },
    "ref": null,
    "rendered": Object {
      "instance": null,
      "key": undefined,
      "nodeType": "host",
      "props": Object {
        "children": "Lorem ipsum",
        "className": "button",
        "disabled": undefined,
        "onClick": [Function],
        "style": Object {
          "borderColor": undefined,
          "color": undefined,
        },
      },
      "ref": null,
      "rendered": "Lorem ipsum",
      "type": "button",
    },
    "type": "div",
  },
  Symbol(enzyme.__nodes__): Array [
    Object {
      "instance": null,
      "key": undefined,
      "nodeType": "host",
      "props": Object {
        "children": <button
          className="button"
          onClick={[Function]}
          style={
            Object {
              "borderColor": undefined,
              "color": undefined,
            }
          }
        >
          Lorem ipsum
        </button>,
        "className": "buttonWrapper",
      },
      "ref": null,
      "rendered": Object {
        "instance": null,
        "key": undefined,
        "nodeType": "host",
        "props": Object {
          "children": "Lorem ipsum",
          "className": "button",
          "disabled": undefined,
          "onClick": [Function],
          "style": Object {
            "borderColor": undefined,
            "color": undefined,
          },
        },
        "ref": null,
        "rendered": "Lorem ipsum",
        "type": "button",
      },
      "type": "div",
    },
  ],
  Symbol(enzyme.__options__): Object {
    "adapter": ReactSixteenAdapter {
      "options": Object {
        "enableComponentDidUpdateOnSetState": true,
      },
    },
  },
}
`;
