// Jest Snapshot v1, https://goo.gl/fbAQLP

exports[`Test DailyInputRange component should render correctly 1`] = `
ShallowWrapper {
  "length": 1,
  Symbol(enzyme.__root__): [Circular],
  Symbol(enzyme.__unrendered__): <TranslationComponent
    data={
      Array [
        "morning",
        "night",
      ]
    }
    onClickHandler={[MockFunction]}
    strings={
      Object {
        "afternoon": "Afternoon",
        "continue": "Save & continue",
        "morning": "Morning",
        "night": "Night",
      }
    }
  />,
  Symbol(enzyme.__renderer__): Object {
    "batchedUpdates": [Function],
    "getNode": [Function],
    "render": [Function],
    "simulateEvent": [Function],
    "unmount": [Function],
  },
  Symbol(enzyme.__node__): Object {
    "instance": null,
    "key": undefined,
    "nodeType": "class",
    "props": Object {
      "data": Array [
        "morning",
        "night",
      ],
      "locale": undefined,
      "onClickHandler": [MockFunction],
      "strings": Object {
        "afternoon": "Afternoon",
        "continue": "Save & continue",
        "morning": "Morning",
        "night": "Night",
      },
    },
    "ref": null,
    "rendered": null,
    "type": [Function],
  },
  Symbol(enzyme.__nodes__): Array [
    Object {
      "instance": null,
      "key": undefined,
      "nodeType": "class",
      "props": Object {
        "data": Array [
          "morning",
          "night",
        ],
        "locale": undefined,
        "onClickHandler": [MockFunction],
        "strings": Object {
          "afternoon": "Afternoon",
          "continue": "Save & continue",
          "morning": "Morning",
          "night": "Night",
        },
      },
      "ref": null,
      "rendered": null,
      "type": [Function],
    },
  ],
  Symbol(enzyme.__options__): Object {
    "adapter": ReactSixteenAdapter {
      "options": Object {
        "enableComponentDidUpdateOnSetState": true,
      },
    },
  },
}
`;
