// Jest Snapshot v1, https://goo.gl/fbAQLP

exports[`Test DateInputRange component should render correctly 1`] = `
ShallowWrapper {
  "length": 1,
  Symbol(enzyme.__root__): [Circular],
  Symbol(enzyme.__unrendered__): <DateInputRange
    locale="en"
    onChange={[MockFunction]}
    placeholder="placeholder"
  />,
  Symbol(enzyme.__renderer__): Object {
    "batchedUpdates": [Function],
    "getNode": [Function],
    "render": [Function],
    "simulateEvent": [Function],
    "unmount": [Function],
  },
  Symbol(enzyme.__node__): Object {
    "instance": null,
    "key": undefined,
    "nodeType": "host",
    "props": Object {
      "children": <div>
        <div
          className=""
        />
        <Chip
          fullWidth={true}
          onCancelHandler={[Function]}
          onClickHandler={[Function]}
          selected={false}
          text="placeholder"
        />
      </div>,
      "className": "dateInputRange",
    },
    "ref": null,
    "rendered": Object {
      "instance": null,
      "key": undefined,
      "nodeType": "host",
      "props": Object {
        "children": Array [
          <div
            className=""
          />,
          <Chip
            fullWidth={true}
            onCancelHandler={[Function]}
            onClickHandler={[Function]}
            selected={false}
            text="placeholder"
          />,
        ],
      },
      "ref": null,
      "rendered": Array [
        Object {
          "instance": null,
          "key": undefined,
          "nodeType": "host",
          "props": Object {
            "children": undefined,
            "className": "",
          },
          "ref": null,
          "rendered": null,
          "type": "div",
        },
        Object {
          "instance": null,
          "key": undefined,
          "nodeType": "class",
          "props": Object {
            "fullWidth": true,
            "onCancelHandler": [Function],
            "onClickHandler": [Function],
            "selected": false,
            "text": "placeholder",
          },
          "ref": null,
          "rendered": null,
          "type": [Function],
        },
      ],
      "type": "div",
    },
    "type": "div",
  },
  Symbol(enzyme.__nodes__): Array [
    Object {
      "instance": null,
      "key": undefined,
      "nodeType": "host",
      "props": Object {
        "children": <div>
          <div
            className=""
          />
          <Chip
            fullWidth={true}
            onCancelHandler={[Function]}
            onClickHandler={[Function]}
            selected={false}
            text="placeholder"
          />
        </div>,
        "className": "dateInputRange",
      },
      "ref": null,
      "rendered": Object {
        "instance": null,
        "key": undefined,
        "nodeType": "host",
        "props": Object {
          "children": Array [
            <div
              className=""
            />,
            <Chip
              fullWidth={true}
              onCancelHandler={[Function]}
              onClickHandler={[Function]}
              selected={false}
              text="placeholder"
            />,
          ],
        },
        "ref": null,
        "rendered": Array [
          Object {
            "instance": null,
            "key": undefined,
            "nodeType": "host",
            "props": Object {
              "children": undefined,
              "className": "",
            },
            "ref": null,
            "rendered": null,
            "type": "div",
          },
          Object {
            "instance": null,
            "key": undefined,
            "nodeType": "class",
            "props": Object {
              "fullWidth": true,
              "onCancelHandler": [Function],
              "onClickHandler": [Function],
              "selected": false,
              "text": "placeholder",
            },
            "ref": null,
            "rendered": null,
            "type": [Function],
          },
        ],
        "type": "div",
      },
      "type": "div",
    },
  ],
  Symbol(enzyme.__options__): Object {
    "adapter": ReactSixteenAdapter {
      "options": Object {
        "enableComponentDidUpdateOnSetState": true,
      },
    },
  },
}
`;
