// Jest Snapshot v1, https://goo.gl/fbAQLP

exports[`Test Input component should render correctly 1`] = `
ShallowWrapper {
  "length": 1,
  Symbol(enzyme.__root__): [Circular],
  Symbol(enzyme.__unrendered__): <Input
    defaultValue="Default value"
    onChange={[MockFunction]}
    placeholder="Placeholder"
  />,
  Symbol(enzyme.__renderer__): Object {
    "batchedUpdates": [Function],
    "getNode": [Function],
    "render": [Function],
    "simulateEvent": [Function],
    "unmount": [Function],
  },
  Symbol(enzyme.__node__): Object {
    "instance": null,
    "key": undefined,
    "nodeType": "host",
    "props": Object {
      "children": <div
        className="input"
      >
        <input
          defaultValue="Default value"
          onBlur={[Function]}
          onChange={[Function]}
          onFocus={[Function]}
          placeholder="Placeholder"
          required={true}
          style={
            Object {
              "color": undefined,
            }
          }
          type="text"
        />
        <span
          className="iconCancel icon icon-x"
          onClick={[Function]}
        />
      </div>,
      "className": "inputWrapper null",
    },
    "ref": null,
    "rendered": Object {
      "instance": null,
      "key": undefined,
      "nodeType": "host",
      "props": Object {
        "children": Array [
          null,
          <input
            defaultValue="Default value"
            onBlur={[Function]}
            onChange={[Function]}
            onFocus={[Function]}
            placeholder="Placeholder"
            required={true}
            style={
              Object {
                "color": undefined,
              }
            }
            type="text"
          />,
          <span
            className="iconCancel icon icon-x"
            onClick={[Function]}
          />,
          null,
        ],
        "className": "input",
      },
      "ref": null,
      "rendered": Array [
        null,
        Object {
          "instance": null,
          "key": undefined,
          "nodeType": "host",
          "props": Object {
            "defaultValue": "Default value",
            "max": undefined,
            "maxLength": undefined,
            "min": undefined,
            "onBlur": [Function],
            "onChange": [Function],
            "onFocus": [Function],
            "placeholder": "Placeholder",
            "required": true,
            "style": Object {
              "color": undefined,
            },
            "type": "text",
          },
          "ref": "input",
          "rendered": null,
          "type": "input",
        },
        Object {
          "instance": null,
          "key": undefined,
          "nodeType": "host",
          "props": Object {
            "className": "iconCancel icon icon-x",
            "onClick": [Function],
          },
          "ref": null,
          "rendered": null,
          "type": "span",
        },
        null,
      ],
      "type": "div",
    },
    "type": "div",
  },
  Symbol(enzyme.__nodes__): Array [
    Object {
      "instance": null,
      "key": undefined,
      "nodeType": "host",
      "props": Object {
        "children": <div
          className="input"
        >
          <input
            defaultValue="Default value"
            onBlur={[Function]}
            onChange={[Function]}
            onFocus={[Function]}
            placeholder="Placeholder"
            required={true}
            style={
              Object {
                "color": undefined,
              }
            }
            type="text"
          />
          <span
            className="iconCancel icon icon-x"
            onClick={[Function]}
          />
        </div>,
        "className": "inputWrapper null",
      },
      "ref": null,
      "rendered": Object {
        "instance": null,
        "key": undefined,
        "nodeType": "host",
        "props": Object {
          "children": Array [
            null,
            <input
              defaultValue="Default value"
              onBlur={[Function]}
              onChange={[Function]}
              onFocus={[Function]}
              placeholder="Placeholder"
              required={true}
              style={
                Object {
                  "color": undefined,
                }
              }
              type="text"
            />,
            <span
              className="iconCancel icon icon-x"
              onClick={[Function]}
            />,
            null,
          ],
          "className": "input",
        },
        "ref": null,
        "rendered": Array [
          null,
          Object {
            "instance": null,
            "key": undefined,
            "nodeType": "host",
            "props": Object {
              "defaultValue": "Default value",
              "max": undefined,
              "maxLength": undefined,
              "min": undefined,
              "onBlur": [Function],
              "onChange": [Function],
              "onFocus": [Function],
              "placeholder": "Placeholder",
              "required": true,
              "style": Object {
                "color": undefined,
              },
              "type": "text",
            },
            "ref": "input",
            "rendered": null,
            "type": "input",
          },
          Object {
            "instance": null,
            "key": undefined,
            "nodeType": "host",
            "props": Object {
              "className": "iconCancel icon icon-x",
              "onClick": [Function],
            },
            "ref": null,
            "rendered": null,
            "type": "span",
          },
          null,
        ],
        "type": "div",
      },
      "type": "div",
    },
  ],
  Symbol(enzyme.__options__): Object {
    "adapter": ReactSixteenAdapter {
      "options": Object {
        "enableComponentDidUpdateOnSetState": true,
      },
    },
  },
}
`;
