// Jest Snapshot v1, https://goo.gl/fbAQLP

exports[`Test InputRange component should render correctly 1`] = `
ShallowWrapper {
  "length": 1,
  Symbol(enzyme.__root__): [Circular],
  Symbol(enzyme.__unrendered__): <InputNumberRange
    maxNum={80}
    minNum={8}
    onChangeHandler={[MockFunction]}
    value={
      Array [
        8,
        11,
      ]
    }
  />,
  Symbol(enzyme.__renderer__): Object {
    "batchedUpdates": [Function],
    "getNode": [Function],
    "render": [Function],
    "simulateEvent": [Function],
    "unmount": [Function],
  },
  Symbol(enzyme.__node__): Object {
    "instance": null,
    "key": undefined,
    "nodeType": "host",
    "props": Object {
      "children": Array [
        <div
          className="title small"
        />,
        <div
          className="range"
        >
          <ComponentWrapper
            activeDotStyle={
              Object {
                "background": "transparent",
                "borderColor": "transparent",
              }
            }
            defaultValue={
              Array [
                8,
                11,
              ]
            }
            dotStyle={
              Object {
                "background": "transparent",
                "borderColor": "transparent",
              }
            }
            handleStyle={
              Array [
                Object {
                  "background": "#756EE5",
                  "borderColor": "#756EE5",
                  "boxShadow": "none",
                  "color": "#756EE5",
                },
              ]
            }
            marks={
              Object {
                "44": 44,
                "8": 8,
                "80": 80,
              }
            }
            max={80}
            min={8}
            onAfterChange={[Function]}
            tipFormatter={[Function]}
            tipProps={Object {}}
            trackStyle={
              Array [
                Object {
                  "background": "#756EE5",
                  "borderColor": "#756EE5",
                  "color": "#756EE5",
                },
              ]
            }
          />
        </div>,
      ],
      "className": "inputNumberRange",
    },
    "ref": null,
    "rendered": Array [
      Object {
        "instance": null,
        "key": undefined,
        "nodeType": "host",
        "props": Object {
          "children": undefined,
          "className": "title small",
        },
        "ref": null,
        "rendered": null,
        "type": "div",
      },
      Object {
        "instance": null,
        "key": undefined,
        "nodeType": "host",
        "props": Object {
          "children": <ComponentWrapper
            activeDotStyle={
              Object {
                "background": "transparent",
                "borderColor": "transparent",
              }
            }
            defaultValue={
              Array [
                8,
                11,
              ]
            }
            dotStyle={
              Object {
                "background": "transparent",
                "borderColor": "transparent",
              }
            }
            handleStyle={
              Array [
                Object {
                  "background": "#756EE5",
                  "borderColor": "#756EE5",
                  "boxShadow": "none",
                  "color": "#756EE5",
                },
              ]
            }
            marks={
              Object {
                "44": 44,
                "8": 8,
                "80": 80,
              }
            }
            max={80}
            min={8}
            onAfterChange={[Function]}
            tipFormatter={[Function]}
            tipProps={Object {}}
            trackStyle={
              Array [
                Object {
                  "background": "#756EE5",
                  "borderColor": "#756EE5",
                  "color": "#756EE5",
                },
              ]
            }
          />,
          "className": "range",
        },
        "ref": null,
        "rendered": Object {
          "instance": null,
          "key": undefined,
          "nodeType": "class",
          "props": Object {
            "activeDotStyle": Object {
              "background": "transparent",
              "borderColor": "transparent",
            },
            "defaultValue": Array [
              8,
              11,
            ],
            "dotStyle": Object {
              "background": "transparent",
              "borderColor": "transparent",
            },
            "handleStyle": Array [
              Object {
                "background": "#756EE5",
                "borderColor": "#756EE5",
                "boxShadow": "none",
                "color": "#756EE5",
              },
            ],
            "marks": Object {
              "44": 44,
              "8": 8,
              "80": 80,
            },
            "max": 80,
            "min": 8,
            "onAfterChange": [Function],
            "tipFormatter": [Function],
            "tipProps": Object {},
            "trackStyle": Array [
              Object {
                "background": "#756EE5",
                "borderColor": "#756EE5",
                "color": "#756EE5",
              },
            ],
          },
          "ref": null,
          "rendered": null,
          "type": [Function],
        },
        "type": "div",
      },
    ],
    "type": "div",
  },
  Symbol(enzyme.__nodes__): Array [
    Object {
      "instance": null,
      "key": undefined,
      "nodeType": "host",
      "props": Object {
        "children": Array [
          <div
            className="title small"
          />,
          <div
            className="range"
          >
            <ComponentWrapper
              activeDotStyle={
                Object {
                  "background": "transparent",
                  "borderColor": "transparent",
                }
              }
              defaultValue={
                Array [
                  8,
                  11,
                ]
              }
              dotStyle={
                Object {
                  "background": "transparent",
                  "borderColor": "transparent",
                }
              }
              handleStyle={
                Array [
                  Object {
                    "background": "#756EE5",
                    "borderColor": "#756EE5",
                    "boxShadow": "none",
                    "color": "#756EE5",
                  },
                ]
              }
              marks={
                Object {
                  "44": 44,
                  "8": 8,
                  "80": 80,
                }
              }
              max={80}
              min={8}
              onAfterChange={[Function]}
              tipFormatter={[Function]}
              tipProps={Object {}}
              trackStyle={
                Array [
                  Object {
                    "background": "#756EE5",
                    "borderColor": "#756EE5",
                    "color": "#756EE5",
                  },
                ]
              }
            />
          </div>,
        ],
        "className": "inputNumberRange",
      },
      "ref": null,
      "rendered": Array [
        Object {
          "instance": null,
          "key": undefined,
          "nodeType": "host",
          "props": Object {
            "children": undefined,
            "className": "title small",
          },
          "ref": null,
          "rendered": null,
          "type": "div",
        },
        Object {
          "instance": null,
          "key": undefined,
          "nodeType": "host",
          "props": Object {
            "children": <ComponentWrapper
              activeDotStyle={
                Object {
                  "background": "transparent",
                  "borderColor": "transparent",
                }
              }
              defaultValue={
                Array [
                  8,
                  11,
                ]
              }
              dotStyle={
                Object {
                  "background": "transparent",
                  "borderColor": "transparent",
                }
              }
              handleStyle={
                Array [
                  Object {
                    "background": "#756EE5",
                    "borderColor": "#756EE5",
                    "boxShadow": "none",
                    "color": "#756EE5",
                  },
                ]
              }
              marks={
                Object {
                  "44": 44,
                  "8": 8,
                  "80": 80,
                }
              }
              max={80}
              min={8}
              onAfterChange={[Function]}
              tipFormatter={[Function]}
              tipProps={Object {}}
              trackStyle={
                Array [
                  Object {
                    "background": "#756EE5",
                    "borderColor": "#756EE5",
                    "color": "#756EE5",
                  },
                ]
              }
            />,
            "className": "range",
          },
          "ref": null,
          "rendered": Object {
            "instance": null,
            "key": undefined,
            "nodeType": "class",
            "props": Object {
              "activeDotStyle": Object {
                "background": "transparent",
                "borderColor": "transparent",
              },
              "defaultValue": Array [
                8,
                11,
              ],
              "dotStyle": Object {
                "background": "transparent",
                "borderColor": "transparent",
              },
              "handleStyle": Array [
                Object {
                  "background": "#756EE5",
                  "borderColor": "#756EE5",
                  "boxShadow": "none",
                  "color": "#756EE5",
                },
              ],
              "marks": Object {
                "44": 44,
                "8": 8,
                "80": 80,
              },
              "max": 80,
              "min": 8,
              "onAfterChange": [Function],
              "tipFormatter": [Function],
              "tipProps": Object {},
              "trackStyle": Array [
                Object {
                  "background": "#756EE5",
                  "borderColor": "#756EE5",
                  "color": "#756EE5",
                },
              ],
            },
            "ref": null,
            "rendered": null,
            "type": [Function],
          },
          "type": "div",
        },
      ],
      "type": "div",
    },
  ],
  Symbol(enzyme.__options__): Object {
    "adapter": ReactSixteenAdapter {
      "options": Object {
        "enableComponentDidUpdateOnSetState": true,
      },
    },
  },
}
`;
