// Jest Snapshot v1, https://goo.gl/fbAQLP

exports[`Test InputRadio component should render correctly 1`] = `
ShallowWrapper {
  "length": 1,
  Symbol(enzyme.__root__): [Circular],
  Symbol(enzyme.__unrendered__): <InputRadio
    checked={true}
    onClickHandler={[MockFunction]}
    text="Lorem"
    value="lorem"
  />,
  Symbol(enzyme.__renderer__): Object {
    "batchedUpdates": [Function],
    "getNode": [Function],
    "render": [Function],
    "simulateEvent": [Function],
    "unmount": [Function],
  },
  Symbol(enzyme.__node__): Object {
    "instance": null,
    "key": undefined,
    "nodeType": "host",
    "props": Object {
      "children": Array [
        <div
          className="itemWrapper"
        >
          <div
            className="itemText"
          >
            Lorem
          </div>
        </div>,
        <div
          className="iconWrapper"
        >
          <RoundedIcon
            icon="minus"
            size="small"
          />
        </div>,
      ],
      "className": "inputRadio",
      "onClick": [Function],
    },
    "ref": null,
    "rendered": Array [
      Object {
        "instance": null,
        "key": undefined,
        "nodeType": "host",
        "props": Object {
          "children": <div
            className="itemText"
          >
            Lorem
          </div>,
          "className": "itemWrapper",
        },
        "ref": null,
        "rendered": Object {
          "instance": null,
          "key": undefined,
          "nodeType": "host",
          "props": Object {
            "children": "Lorem",
            "className": "itemText",
          },
          "ref": null,
          "rendered": "Lorem",
          "type": "div",
        },
        "type": "div",
      },
      Object {
        "instance": null,
        "key": undefined,
        "nodeType": "host",
        "props": Object {
          "children": <RoundedIcon
            icon="minus"
            size="small"
          />,
          "className": "iconWrapper",
        },
        "ref": null,
        "rendered": Object {
          "instance": null,
          "key": undefined,
          "nodeType": "class",
          "props": Object {
            "icon": "minus",
            "size": "small",
          },
          "ref": null,
          "rendered": null,
          "type": [Function],
        },
        "type": "div",
      },
    ],
    "type": "label",
  },
  Symbol(enzyme.__nodes__): Array [
    Object {
      "instance": null,
      "key": undefined,
      "nodeType": "host",
      "props": Object {
        "children": Array [
          <div
            className="itemWrapper"
          >
            <div
              className="itemText"
            >
              Lorem
            </div>
          </div>,
          <div
            className="iconWrapper"
          >
            <RoundedIcon
              icon="minus"
              size="small"
            />
          </div>,
        ],
        "className": "inputRadio",
        "onClick": [Function],
      },
      "ref": null,
      "rendered": Array [
        Object {
          "instance": null,
          "key": undefined,
          "nodeType": "host",
          "props": Object {
            "children": <div
              className="itemText"
            >
              Lorem
            </div>,
            "className": "itemWrapper",
          },
          "ref": null,
          "rendered": Object {
            "instance": null,
            "key": undefined,
            "nodeType": "host",
            "props": Object {
              "children": "Lorem",
              "className": "itemText",
            },
            "ref": null,
            "rendered": "Lorem",
            "type": "div",
          },
          "type": "div",
        },
        Object {
          "instance": null,
          "key": undefined,
          "nodeType": "host",
          "props": Object {
            "children": <RoundedIcon
              icon="minus"
              size="small"
            />,
            "className": "iconWrapper",
          },
          "ref": null,
          "rendered": Object {
            "instance": null,
            "key": undefined,
            "nodeType": "class",
            "props": Object {
              "icon": "minus",
              "size": "small",
            },
            "ref": null,
            "rendered": null,
            "type": [Function],
          },
          "type": "div",
        },
      ],
      "type": "label",
    },
  ],
  Symbol(enzyme.__options__): Object {
    "adapter": ReactSixteenAdapter {
      "options": Object {
        "enableComponentDidUpdateOnSetState": true,
      },
    },
  },
}
`;
