// Jest Snapshot v1, https://goo.gl/fbAQLP

exports[`Test LastMessage component should render correctly 1`] = `
ShallowWrapper {
  "length": 1,
  Symbol(enzyme.__root__): [Circular],
  Symbol(enzyme.__unrendered__): <LastMessage
    message={
      Object {
        "createdAt": 1980-12-31T23:00:00.000Z,
        "text": "Lorem ipsum dolor sit amet, consectetur adipiscing elit, sed do eiusmod tempor incididunt ut labore et dolore magna aliqua. Ut enim ad minim veniam, quis nostrud exercitation ullamco laboris nisi ut aliquip ex ea commodo consequat. Duis aute irure dolor in reprehenderit in voluptate velit esse cillum dolore eu fugiat nulla pariatur.",
      }
    }
    onClickHandler={[MockFunction]}
    onUserClickHandler={[MockFunction]}
    online={true}
    photo="http://via.placeholder.com/100x100"
    slug="johndoe"
    username="JohnDoe"
  />,
  Symbol(enzyme.__renderer__): Object {
    "batchedUpdates": [Function],
    "getNode": [Function],
    "render": [Function],
    "simulateEvent": [Function],
    "unmount": [Function],
  },
  Symbol(enzyme.__node__): Object {
    "instance": null,
    "key": undefined,
    "nodeType": "host",
    "props": Object {
      "children": Array [
        <div
          className="photo"
          onClick={[Function]}
        >
          <RoundedImage
            size="small"
            url="http://via.placeholder.com/100x100"
          />
          <div
            className="statusOnline small"
          >
            Online
          </div>
        </div>,
        <div
          className="text"
          onClick={[Function]}
        >
          <div
            className="username small"
          >
            JohnDoe
          </div>
          <div
            className="excerpt small"
            onClick={[Function]}
          >
            <Emojify>
              Lorem ipsum dolor sit amet, consectetur adipiscing elit, sed do eiusmod tempor incididunt ut labore et dolore magna aliqua. Ut enim ad minim veniam, quis nostrud exercitation ullamco laboris nisi ut aliquip ex ea commodo consequat. Duis aute irure dolor in reprehenderit in voluptate velit esse cillum dolore eu fugiat nulla pariatur.
            </Emojify>
          </div>
        </div>,
        <div
          className="time small"
          onClick={[Function]}
          title="1981-1-1 00:00:00"
        >
          <span
            className="timeText"
          >
            38 years ago
          </span>
        </div>,
      ],
      "className": "lastMessage",
      "style": Object {
        "background": null,
      },
    },
    "ref": null,
    "rendered": Array [
      Object {
        "instance": null,
        "key": undefined,
        "nodeType": "host",
        "props": Object {
          "children": Array [
            <RoundedImage
              size="small"
              url="http://via.placeholder.com/100x100"
            />,
            <div
              className="statusOnline small"
            >
              Online
            </div>,
          ],
          "className": "photo",
          "onClick": [Function],
        },
        "ref": null,
        "rendered": Array [
          Object {
            "instance": null,
            "key": undefined,
            "nodeType": "class",
            "props": Object {
              "size": "small",
              "url": "http://via.placeholder.com/100x100",
            },
            "ref": null,
            "rendered": null,
            "type": [Function],
          },
          Object {
            "instance": null,
            "key": undefined,
            "nodeType": "host",
            "props": Object {
              "children": "Online",
              "className": "statusOnline small",
            },
            "ref": null,
            "rendered": "Online",
            "type": "div",
          },
        ],
        "type": "div",
      },
      Object {
        "instance": null,
        "key": undefined,
        "nodeType": "host",
        "props": Object {
          "children": Array [
            null,
            <div
              className="username small"
            >
              JohnDoe
            </div>,
            <div
              className="excerpt small"
              onClick={[Function]}
            >
              <Emojify>
                Lorem ipsum dolor sit amet, consectetur adipiscing elit, sed do eiusmod tempor incididunt ut labore et dolore magna aliqua. Ut enim ad minim veniam, quis nostrud exercitation ullamco laboris nisi ut aliquip ex ea commodo consequat. Duis aute irure dolor in reprehenderit in voluptate velit esse cillum dolore eu fugiat nulla pariatur.
              </Emojify>
            </div>,
          ],
          "className": "text",
          "onClick": [Function],
        },
        "ref": null,
        "rendered": Array [
          null,
          Object {
            "instance": null,
            "key": undefined,
            "nodeType": "host",
            "props": Object {
              "children": "JohnDoe",
              "className": "username small",
            },
            "ref": null,
            "rendered": "JohnDoe",
            "type": "div",
          },
          Object {
            "instance": null,
            "key": undefined,
            "nodeType": "host",
            "props": Object {
              "children": <Emojify>
                Lorem ipsum dolor sit amet, consectetur adipiscing elit, sed do eiusmod tempor incididunt ut labore et dolore magna aliqua. Ut enim ad minim veniam, quis nostrud exercitation ullamco laboris nisi ut aliquip ex ea commodo consequat. Duis aute irure dolor in reprehenderit in voluptate velit esse cillum dolore eu fugiat nulla pariatur.
              </Emojify>,
              "className": "excerpt small",
              "onClick": [Function],
            },
            "ref": null,
            "rendered": Object {
              "instance": null,
              "key": undefined,
              "nodeType": "class",
              "props": Object {
                "children": "Lorem ipsum dolor sit amet, consectetur adipiscing elit, sed do eiusmod tempor incididunt ut labore et dolore magna aliqua. Ut enim ad minim veniam, quis nostrud exercitation ullamco laboris nisi ut aliquip ex ea commodo consequat. Duis aute irure dolor in reprehenderit in voluptate velit esse cillum dolore eu fugiat nulla pariatur.",
              },
              "ref": null,
              "rendered": "Lorem ipsum dolor sit amet, consectetur adipiscing elit, sed do eiusmod tempor incididunt ut labore et dolore magna aliqua. Ut enim ad minim veniam, quis nostrud exercitation ullamco laboris nisi ut aliquip ex ea commodo consequat. Duis aute irure dolor in reprehenderit in voluptate velit esse cillum dolore eu fugiat nulla pariatur.",
              "type": [Function],
            },
            "type": "div",
          },
        ],
        "type": "div",
      },
      Object {
        "instance": null,
        "key": undefined,
        "nodeType": "host",
        "props": Object {
          "children": <span
            className="timeText"
          >
            38 years ago
          </span>,
          "className": "time small",
          "onClick": [Function],
          "title": "1981-1-1 00:00:00",
        },
        "ref": null,
        "rendered": Object {
          "instance": null,
          "key": undefined,
          "nodeType": "host",
          "props": Object {
            "children": "38 years ago",
            "className": "timeText",
          },
          "ref": null,
          "rendered": "38 years ago",
          "type": "span",
        },
        "type": "div",
      },
    ],
    "type": "div",
  },
  Symbol(enzyme.__nodes__): Array [
    Object {
      "instance": null,
      "key": undefined,
      "nodeType": "host",
      "props": Object {
        "children": Array [
          <div
            className="photo"
            onClick={[Function]}
          >
            <RoundedImage
              size="small"
              url="http://via.placeholder.com/100x100"
            />
            <div
              className="statusOnline small"
            >
              Online
            </div>
          </div>,
          <div
            className="text"
            onClick={[Function]}
          >
            <div
              className="username small"
            >
              JohnDoe
            </div>
            <div
              className="excerpt small"
              onClick={[Function]}
            >
              <Emojify>
                Lorem ipsum dolor sit amet, consectetur adipiscing elit, sed do eiusmod tempor incididunt ut labore et dolore magna aliqua. Ut enim ad minim veniam, quis nostrud exercitation ullamco laboris nisi ut aliquip ex ea commodo consequat. Duis aute irure dolor in reprehenderit in voluptate velit esse cillum dolore eu fugiat nulla pariatur.
              </Emojify>
            </div>
          </div>,
          <div
            className="time small"
            onClick={[Function]}
            title="1981-1-1 00:00:00"
          >
            <span
              className="timeText"
            >
              38 years ago
            </span>
          </div>,
        ],
        "className": "lastMessage",
        "style": Object {
          "background": null,
        },
      },
      "ref": null,
      "rendered": Array [
        Object {
          "instance": null,
          "key": undefined,
          "nodeType": "host",
          "props": Object {
            "children": Array [
              <RoundedImage
                size="small"
                url="http://via.placeholder.com/100x100"
              />,
              <div
                className="statusOnline small"
              >
                Online
              </div>,
            ],
            "className": "photo",
            "onClick": [Function],
          },
          "ref": null,
          "rendered": Array [
            Object {
              "instance": null,
              "key": undefined,
              "nodeType": "class",
              "props": Object {
                "size": "small",
                "url": "http://via.placeholder.com/100x100",
              },
              "ref": null,
              "rendered": null,
              "type": [Function],
            },
            Object {
              "instance": null,
              "key": undefined,
              "nodeType": "host",
              "props": Object {
                "children": "Online",
                "className": "statusOnline small",
              },
              "ref": null,
              "rendered": "Online",
              "type": "div",
            },
          ],
          "type": "div",
        },
        Object {
          "instance": null,
          "key": undefined,
          "nodeType": "host",
          "props": Object {
            "children": Array [
              null,
              <div
                className="username small"
              >
                JohnDoe
              </div>,
              <div
                className="excerpt small"
                onClick={[Function]}
              >
                <Emojify>
                  Lorem ipsum dolor sit amet, consectetur adipiscing elit, sed do eiusmod tempor incididunt ut labore et dolore magna aliqua. Ut enim ad minim veniam, quis nostrud exercitation ullamco laboris nisi ut aliquip ex ea commodo consequat. Duis aute irure dolor in reprehenderit in voluptate velit esse cillum dolore eu fugiat nulla pariatur.
                </Emojify>
              </div>,
            ],
            "className": "text",
            "onClick": [Function],
          },
          "ref": null,
          "rendered": Array [
            null,
            Object {
              "instance": null,
              "key": undefined,
              "nodeType": "host",
              "props": Object {
                "children": "JohnDoe",
                "className": "username small",
              },
              "ref": null,
              "rendered": "JohnDoe",
              "type": "div",
            },
            Object {
              "instance": null,
              "key": undefined,
              "nodeType": "host",
              "props": Object {
                "children": <Emojify>
                  Lorem ipsum dolor sit amet, consectetur adipiscing elit, sed do eiusmod tempor incididunt ut labore et dolore magna aliqua. Ut enim ad minim veniam, quis nostrud exercitation ullamco laboris nisi ut aliquip ex ea commodo consequat. Duis aute irure dolor in reprehenderit in voluptate velit esse cillum dolore eu fugiat nulla pariatur.
                </Emojify>,
                "className": "excerpt small",
                "onClick": [Function],
              },
              "ref": null,
              "rendered": Object {
                "instance": null,
                "key": undefined,
                "nodeType": "class",
                "props": Object {
                  "children": "Lorem ipsum dolor sit amet, consectetur adipiscing elit, sed do eiusmod tempor incididunt ut labore et dolore magna aliqua. Ut enim ad minim veniam, quis nostrud exercitation ullamco laboris nisi ut aliquip ex ea commodo consequat. Duis aute irure dolor in reprehenderit in voluptate velit esse cillum dolore eu fugiat nulla pariatur.",
                },
                "ref": null,
                "rendered": "Lorem ipsum dolor sit amet, consectetur adipiscing elit, sed do eiusmod tempor incididunt ut labore et dolore magna aliqua. Ut enim ad minim veniam, quis nostrud exercitation ullamco laboris nisi ut aliquip ex ea commodo consequat. Duis aute irure dolor in reprehenderit in voluptate velit esse cillum dolore eu fugiat nulla pariatur.",
                "type": [Function],
              },
              "type": "div",
            },
          ],
          "type": "div",
        },
        Object {
          "instance": null,
          "key": undefined,
          "nodeType": "host",
          "props": Object {
            "children": <span
              className="timeText"
            >
              38 years ago
            </span>,
            "className": "time small",
            "onClick": [Function],
            "title": "1981-1-1 00:00:00",
          },
          "ref": null,
          "rendered": Object {
            "instance": null,
            "key": undefined,
            "nodeType": "host",
            "props": Object {
              "children": "38 years ago",
              "className": "timeText",
            },
            "ref": null,
            "rendered": "38 years ago",
            "type": "span",
          },
          "type": "div",
        },
      ],
      "type": "div",
    },
  ],
  Symbol(enzyme.__options__): Object {
    "adapter": ReactSixteenAdapter {
      "options": Object {
        "enableComponentDidUpdateOnSetState": true,
      },
    },
  },
}
`;
