// Jest Snapshot v1, https://goo.gl/fbAQLP

exports[`Test LocationInput component should render correctly 1`] = `
ShallowWrapper {
  "length": 1,
  Symbol(enzyme.__root__): [Circular],
  Symbol(enzyme.__unrendered__): <LocationInput
    onSuggestSelect={[MockFunction]}
    placeholder="Write a location"
    title="Lorem ipsum"
  />,
  Symbol(enzyme.__renderer__): Object {
    "batchedUpdates": [Function],
    "getNode": [Function],
    "render": [Function],
    "simulateEvent": [Function],
    "unmount": [Function],
  },
  Symbol(enzyme.__node__): Object {
    "instance": null,
    "key": undefined,
    "nodeType": "host",
    "props": Object {
      "children": Array [
        <div
          className="title"
        >
          Lorem ipsum
        </div>,
        <div
          className="locationInput"
        >
          <Geosuggest
            autoActivateFirstSuggest={true}
            bounds={null}
            className=""
            country={null}
            disabled={false}
            fixtures={Array []}
            getSuggestLabel={[Function]}
            googleMaps={null}
            highlightMatch={true}
            ignoreTab={false}
            initialValue=""
            inputClassName=""
            location={null}
            maxFixtures={10}
            minLength={1}
            onActivateSuggest={[Function]}
            onBlur={[Function]}
            onChange={[Function]}
            onFocus={[Function]}
            onSuggestNoResults={[Function]}
            onSuggestSelect={[Function]}
            onUpdateSuggests={[Function]}
            placeholder="Write a location"
            queryDelay={250}
            radius={null}
            renderSuggestItem={null}
            required={true}
            skipSuggest={[Function]}
            style={
              Object {
                "input": Object {},
                "suggestItem": Object {},
                "suggests": Object {},
              }
            }
            title="Lorem ipsum"
            types={null}
          />
        </div>,
      ],
      "className": "locationInputWrapper",
    },
    "ref": null,
    "rendered": Array [
      Object {
        "instance": null,
        "key": undefined,
        "nodeType": "host",
        "props": Object {
          "children": "Lorem ipsum",
          "className": "title",
        },
        "ref": null,
        "rendered": "Lorem ipsum",
        "type": "div",
      },
      Object {
        "instance": null,
        "key": undefined,
        "nodeType": "host",
        "props": Object {
          "children": <Geosuggest
            autoActivateFirstSuggest={true}
            bounds={null}
            className=""
            country={null}
            disabled={false}
            fixtures={Array []}
            getSuggestLabel={[Function]}
            googleMaps={null}
            highlightMatch={true}
            ignoreTab={false}
            initialValue=""
            inputClassName=""
            location={null}
            maxFixtures={10}
            minLength={1}
            onActivateSuggest={[Function]}
            onBlur={[Function]}
            onChange={[Function]}
            onFocus={[Function]}
            onSuggestNoResults={[Function]}
            onSuggestSelect={[Function]}
            onUpdateSuggests={[Function]}
            placeholder="Write a location"
            queryDelay={250}
            radius={null}
            renderSuggestItem={null}
            required={true}
            skipSuggest={[Function]}
            style={
              Object {
                "input": Object {},
                "suggestItem": Object {},
                "suggests": Object {},
              }
            }
            title="Lorem ipsum"
            types={null}
          />,
          "className": "locationInput",
        },
        "ref": "geosuggestWrapper",
        "rendered": Object {
          "instance": null,
          "key": undefined,
          "nodeType": "class",
          "props": Object {
            "autoActivateFirstSuggest": true,
            "bounds": null,
            "className": "",
            "country": null,
            "disabled": false,
            "fixtures": Array [],
            "getSuggestLabel": [Function],
            "googleMaps": null,
            "highlightMatch": true,
            "ignoreTab": false,
            "initialValue": "",
            "inputClassName": "",
            "location": null,
            "maxFixtures": 10,
            "minLength": 1,
            "onActivateSuggest": [Function],
            "onBlur": [Function],
            "onChange": [Function],
            "onFocus": [Function],
            "onSuggestNoResults": [Function],
            "onSuggestSelect": [Function],
            "onUpdateSuggests": [Function],
            "placeholder": "Write a location",
            "queryDelay": 250,
            "radius": null,
            "renderSuggestItem": null,
            "required": true,
            "skipSuggest": [Function],
            "style": Object {
              "input": Object {},
              "suggestItem": Object {},
              "suggests": Object {},
            },
            "title": "Lorem ipsum",
            "types": null,
          },
          "ref": "geosuggest",
          "rendered": null,
          "type": [Function],
        },
        "type": "div",
      },
    ],
    "type": "div",
  },
  Symbol(enzyme.__nodes__): Array [
    Object {
      "instance": null,
      "key": undefined,
      "nodeType": "host",
      "props": Object {
        "children": Array [
          <div
            className="title"
          >
            Lorem ipsum
          </div>,
          <div
            className="locationInput"
          >
            <Geosuggest
              autoActivateFirstSuggest={true}
              bounds={null}
              className=""
              country={null}
              disabled={false}
              fixtures={Array []}
              getSuggestLabel={[Function]}
              googleMaps={null}
              highlightMatch={true}
              ignoreTab={false}
              initialValue=""
              inputClassName=""
              location={null}
              maxFixtures={10}
              minLength={1}
              onActivateSuggest={[Function]}
              onBlur={[Function]}
              onChange={[Function]}
              onFocus={[Function]}
              onSuggestNoResults={[Function]}
              onSuggestSelect={[Function]}
              onUpdateSuggests={[Function]}
              placeholder="Write a location"
              queryDelay={250}
              radius={null}
              renderSuggestItem={null}
              required={true}
              skipSuggest={[Function]}
              style={
                Object {
                  "input": Object {},
                  "suggestItem": Object {},
                  "suggests": Object {},
                }
              }
              title="Lorem ipsum"
              types={null}
            />
          </div>,
        ],
        "className": "locationInputWrapper",
      },
      "ref": null,
      "rendered": Array [
        Object {
          "instance": null,
          "key": undefined,
          "nodeType": "host",
          "props": Object {
            "children": "Lorem ipsum",
            "className": "title",
          },
          "ref": null,
          "rendered": "Lorem ipsum",
          "type": "div",
        },
        Object {
          "instance": null,
          "key": undefined,
          "nodeType": "host",
          "props": Object {
            "children": <Geosuggest
              autoActivateFirstSuggest={true}
              bounds={null}
              className=""
              country={null}
              disabled={false}
              fixtures={Array []}
              getSuggestLabel={[Function]}
              googleMaps={null}
              highlightMatch={true}
              ignoreTab={false}
              initialValue=""
              inputClassName=""
              location={null}
              maxFixtures={10}
              minLength={1}
              onActivateSuggest={[Function]}
              onBlur={[Function]}
              onChange={[Function]}
              onFocus={[Function]}
              onSuggestNoResults={[Function]}
              onSuggestSelect={[Function]}
              onUpdateSuggests={[Function]}
              placeholder="Write a location"
              queryDelay={250}
              radius={null}
              renderSuggestItem={null}
              required={true}
              skipSuggest={[Function]}
              style={
                Object {
                  "input": Object {},
                  "suggestItem": Object {},
                  "suggests": Object {},
                }
              }
              title="Lorem ipsum"
              types={null}
            />,
            "className": "locationInput",
          },
          "ref": "geosuggestWrapper",
          "rendered": Object {
            "instance": null,
            "key": undefined,
            "nodeType": "class",
            "props": Object {
              "autoActivateFirstSuggest": true,
              "bounds": null,
              "className": "",
              "country": null,
              "disabled": false,
              "fixtures": Array [],
              "getSuggestLabel": [Function],
              "googleMaps": null,
              "highlightMatch": true,
              "ignoreTab": false,
              "initialValue": "",
              "inputClassName": "",
              "location": null,
              "maxFixtures": 10,
              "minLength": 1,
              "onActivateSuggest": [Function],
              "onBlur": [Function],
              "onChange": [Function],
              "onFocus": [Function],
              "onSuggestNoResults": [Function],
              "onSuggestSelect": [Function],
              "onUpdateSuggests": [Function],
              "placeholder": "Write a location",
              "queryDelay": 250,
              "radius": null,
              "renderSuggestItem": null,
              "required": true,
              "skipSuggest": [Function],
              "style": Object {
                "input": Object {},
                "suggestItem": Object {},
                "suggests": Object {},
              },
              "title": "Lorem ipsum",
              "types": null,
            },
            "ref": "geosuggest",
            "rendered": null,
            "type": [Function],
          },
          "type": "div",
        },
      ],
      "type": "div",
    },
  ],
  Symbol(enzyme.__options__): Object {
    "adapter": ReactSixteenAdapter {
      "options": Object {
        "enableComponentDidUpdateOnSetState": true,
      },
    },
  },
}
`;
