// Jest Snapshot v1, https://goo.gl/fbAQLP

exports[`Test OwnUserBottomNavBar component should render correctly 1`] = `
ShallowWrapper {
  "length": 1,
  Symbol(enzyme.__root__): [Circular],
  Symbol(enzyme.__unrendered__): <TranslationComponent
    onClickHandler={[MockFunction]}
    strings={
      Object {
        "aboutMe": "About me",
        "answers": "Answers",
        "friends": "Friends",
        "interests": "Interests",
        "networks": "Networks",
      }
    }
  >
    Lorem ipsum
  </TranslationComponent>,
  Symbol(enzyme.__renderer__): Object {
    "batchedUpdates": [Function],
    "getNode": [Function],
    "render": [Function],
    "simulateEvent": [Function],
    "unmount": [Function],
  },
  Symbol(enzyme.__node__): Object {
    "instance": null,
    "key": undefined,
    "nodeType": "class",
    "props": Object {
      "children": "Lorem ipsum",
      "locale": undefined,
      "onClickHandler": [MockFunction],
      "strings": Object {
        "aboutMe": "About me",
        "answers": "Answers",
        "friends": "Friends",
        "interests": "Interests",
        "networks": "Networks",
      },
    },
    "ref": null,
    "rendered": "Lorem ipsum",
    "type": [Function],
  },
  Symbol(enzyme.__nodes__): Array [
    Object {
      "instance": null,
      "key": undefined,
      "nodeType": "class",
      "props": Object {
        "children": "Lorem ipsum",
        "locale": undefined,
        "onClickHandler": [MockFunction],
        "strings": Object {
          "aboutMe": "About me",
          "answers": "Answers",
          "friends": "Friends",
          "interests": "Interests",
          "networks": "Networks",
        },
      },
      "ref": null,
      "rendered": "Lorem ipsum",
      "type": [Function],
    },
  ],
  Symbol(enzyme.__options__): Object {
    "adapter": ReactSixteenAdapter {
      "options": Object {
        "enableComponentDidUpdateOnSetState": true,
      },
    },
  },
}
`;
