// Jest Snapshot v1, https://goo.gl/fbAQLP

exports[`Test ProposalFilterPreview component should render correctly 1`] = `
ShallowWrapper {
  "length": 1,
  Symbol(enzyme.__root__): [Circular],
  Symbol(enzyme.__unrendered__): <TranslationComponent
    onClickHandler={[MockFunction]}
    strings={
      Object {
        "filterText": "Filters to your proposal target",
        "from": "From",
        "to": "to",
        "withinRadioOf": "within radio of",
        "years": "years",
      }
    }
  >
    Lorem ipsum
  </TranslationComponent>,
  Symbol(enzyme.__renderer__): Object {
    "batchedUpdates": [Function],
    "getNode": [Function],
    "render": [Function],
    "simulateEvent": [Function],
    "unmount": [Function],
  },
  Symbol(enzyme.__node__): Object {
    "instance": null,
    "key": undefined,
    "nodeType": "class",
    "props": Object {
      "children": "Lorem ipsum",
      "locale": undefined,
      "onClickHandler": [MockFunction],
      "strings": Object {
        "filterText": "Filters to your proposal target",
        "from": "From",
        "to": "to",
        "withinRadioOf": "within radio of",
        "years": "years",
      },
    },
    "ref": null,
    "rendered": "Lorem ipsum",
    "type": [Function],
  },
  Symbol(enzyme.__nodes__): Array [
    Object {
      "instance": null,
      "key": undefined,
      "nodeType": "class",
      "props": Object {
        "children": "Lorem ipsum",
        "locale": undefined,
        "onClickHandler": [MockFunction],
        "strings": Object {
          "filterText": "Filters to your proposal target",
          "from": "From",
          "to": "to",
          "withinRadioOf": "within radio of",
          "years": "years",
        },
      },
      "ref": null,
      "rendered": "Lorem ipsum",
      "type": [Function],
    },
  ],
  Symbol(enzyme.__options__): Object {
    "adapter": ReactSixteenAdapter {
      "options": Object {
        "enableComponentDidUpdateOnSetState": true,
      },
    },
  },
}
`;
