// Jest Snapshot v1, https://goo.gl/fbAQLP

exports[`Test RoundOption component should render correctly 1`] = `
ShallowWrapper {
  "length": 1,
  Symbol(enzyme.__root__): [Circular],
  Symbol(enzyme.__unrendered__): <RoundOption
    onClickHandler={[MockFunction]}
  >
    Lorem ipsum
  </RoundOption>,
  Symbol(enzyme.__renderer__): Object {
    "batchedUpdates": [Function],
    "getNode": [Function],
    "render": [Function],
    "simulateEvent": [Function],
    "unmount": [Function],
  },
  Symbol(enzyme.__node__): Object {
    "instance": null,
    "key": undefined,
    "nodeType": "host",
    "props": Object {
      "children": <img
        src="https://imagine.pre.nekuno.com/index.php/media/cache/profile_option_small?url=undefined"
      />,
      "className": "roundOption",
    },
    "ref": null,
    "rendered": Object {
      "instance": null,
      "key": undefined,
      "nodeType": "host",
      "props": Object {
        "src": "https://imagine.pre.nekuno.com/index.php/media/cache/profile_option_small?url=undefined",
      },
      "ref": null,
      "rendered": null,
      "type": "img",
    },
    "type": "div",
  },
  Symbol(enzyme.__nodes__): Array [
    Object {
      "instance": null,
      "key": undefined,
      "nodeType": "host",
      "props": Object {
        "children": <img
          src="https://imagine.pre.nekuno.com/index.php/media/cache/profile_option_small?url=undefined"
        />,
        "className": "roundOption",
      },
      "ref": null,
      "rendered": Object {
        "instance": null,
        "key": undefined,
        "nodeType": "host",
        "props": Object {
          "src": "https://imagine.pre.nekuno.com/index.php/media/cache/profile_option_small?url=undefined",
        },
        "ref": null,
        "rendered": null,
        "type": "img",
      },
      "type": "div",
    },
  ],
  Symbol(enzyme.__options__): Object {
    "adapter": ReactSixteenAdapter {
      "options": Object {
        "enableComponentDidUpdateOnSetState": true,
      },
    },
  },
}
`;
