// Jest Snapshot v1, https://goo.gl/fbAQLP

exports[`Test SelectInline component should render correctly 1`] = `
ShallowWrapper {
  "length": 1,
  Symbol(enzyme.__root__): [Circular],
  Symbol(enzyme.__unrendered__): <SelectInline
    onClickHandler={[MockFunction]}
    options={
      Array [
        Object {
          "id": "lorem",
          "text": "Lorem",
        },
        Object {
          "id": "ipsum",
          "text": "Ipsum",
        },
        Object {
          "id": "lorem-ipsum",
          "text": "Lorem ipsum",
        },
        Object {
          "id": "sed-ut-perspiciatis",
          "text": "Sed ut perspiciatis",
        },
      ]
    }
  />,
  Symbol(enzyme.__renderer__): Object {
    "batchedUpdates": [Function],
    "getNode": [Function],
    "render": [Function],
    "simulateEvent": [Function],
    "unmount": [Function],
  },
  Symbol(enzyme.__node__): Object {
    "instance": null,
    "key": undefined,
    "nodeType": "host",
    "props": Object {
      "children": Array [
        null,
        <div
          className="selectInlineWrapper"
        >
          <div
            className="selectInline"
          >
            <div
              className="optionWrapper undefined"
              onClick={[Function]}
              style={
                Object {
                  "width": "25%",
                }
              }
            >
              <div
                className="option"
              >
                <div
                  className="optionText"
                >
                  Lorem
                </div>
              </div>
            </div>
            <div
              className="optionWrapper undefined"
              onClick={[Function]}
              style={
                Object {
                  "width": "25%",
                }
              }
            >
              <div
                className="option"
              >
                <div
                  className="optionText"
                >
                  Ipsum
                </div>
              </div>
            </div>
            <div
              className="optionWrapper undefined"
              onClick={[Function]}
              style={
                Object {
                  "width": "25%",
                }
              }
            >
              <div
                className="option"
              >
                <div
                  className="optionText"
                >
                  Lorem ipsum
                </div>
              </div>
            </div>
            <div
              className="optionWrapper undefined"
              onClick={[Function]}
              style={
                Object {
                  "width": "25%",
                }
              }
            >
              <div
                className="option"
              >
                <div
                  className="optionText"
                >
                  Sed ut perspiciatis
                </div>
              </div>
            </div>
          </div>
        </div>,
      ],
    },
    "ref": null,
    "rendered": Array [
      null,
      Object {
        "instance": null,
        "key": undefined,
        "nodeType": "host",
        "props": Object {
          "children": <div
            className="selectInline"
          >
            <div
              className="optionWrapper undefined"
              onClick={[Function]}
              style={
                Object {
                  "width": "25%",
                }
              }
            >
              <div
                className="option"
              >
                <div
                  className="optionText"
                >
                  Lorem
                </div>
              </div>
            </div>
            <div
              className="optionWrapper undefined"
              onClick={[Function]}
              style={
                Object {
                  "width": "25%",
                }
              }
            >
              <div
                className="option"
              >
                <div
                  className="optionText"
                >
                  Ipsum
                </div>
              </div>
            </div>
            <div
              className="optionWrapper undefined"
              onClick={[Function]}
              style={
                Object {
                  "width": "25%",
                }
              }
            >
              <div
                className="option"
              >
                <div
                  className="optionText"
                >
                  Lorem ipsum
                </div>
              </div>
            </div>
            <div
              className="optionWrapper undefined"
              onClick={[Function]}
              style={
                Object {
                  "width": "25%",
                }
              }
            >
              <div
                className="option"
              >
                <div
                  className="optionText"
                >
                  Sed ut perspiciatis
                </div>
              </div>
            </div>
          </div>,
          "className": "selectInlineWrapper",
        },
        "ref": null,
        "rendered": Object {
          "instance": null,
          "key": undefined,
          "nodeType": "host",
          "props": Object {
            "children": Array [
              <div
                className="optionWrapper undefined"
                onClick={[Function]}
                style={
                  Object {
                    "width": "25%",
                  }
                }
              >
                <div
                  className="option"
                >
                  <div
                    className="optionText"
                  >
                    Lorem
                  </div>
                </div>
              </div>,
              <div
                className="optionWrapper undefined"
                onClick={[Function]}
                style={
                  Object {
                    "width": "25%",
                  }
                }
              >
                <div
                  className="option"
                >
                  <div
                    className="optionText"
                  >
                    Ipsum
                  </div>
                </div>
              </div>,
              <div
                className="optionWrapper undefined"
                onClick={[Function]}
                style={
                  Object {
                    "width": "25%",
                  }
                }
              >
                <div
                  className="option"
                >
                  <div
                    className="optionText"
                  >
                    Lorem ipsum
                  </div>
                </div>
              </div>,
              <div
                className="optionWrapper undefined"
                onClick={[Function]}
                style={
                  Object {
                    "width": "25%",
                  }
                }
              >
                <div
                  className="option"
                >
                  <div
                    className="optionText"
                  >
                    Sed ut perspiciatis
                  </div>
                </div>
              </div>,
            ],
            "className": "selectInline",
          },
          "ref": null,
          "rendered": Array [
            Object {
              "instance": null,
              "key": "lorem",
              "nodeType": "host",
              "props": Object {
                "children": <div
                  className="option"
                >
                  <div
                    className="optionText"
                  >
                    Lorem
                  </div>
                </div>,
                "className": "optionWrapper undefined",
                "onClick": [Function],
                "style": Object {
                  "width": "25%",
                },
              },
              "ref": null,
              "rendered": Object {
                "instance": null,
                "key": undefined,
                "nodeType": "host",
                "props": Object {
                  "children": <div
                    className="optionText"
                  >
                    Lorem
                  </div>,
                  "className": "option",
                },
                "ref": null,
                "rendered": Object {
                  "instance": null,
                  "key": undefined,
                  "nodeType": "host",
                  "props": Object {
                    "children": "Lorem",
                    "className": "optionText",
                  },
                  "ref": null,
                  "rendered": "Lorem",
                  "type": "div",
                },
                "type": "div",
              },
              "type": "div",
            },
            Object {
              "instance": null,
              "key": "ipsum",
              "nodeType": "host",
              "props": Object {
                "children": <div
                  className="option"
                >
                  <div
                    className="optionText"
                  >
                    Ipsum
                  </div>
                </div>,
                "className": "optionWrapper undefined",
                "onClick": [Function],
                "style": Object {
                  "width": "25%",
                },
              },
              "ref": null,
              "rendered": Object {
                "instance": null,
                "key": undefined,
                "nodeType": "host",
                "props": Object {
                  "children": <div
                    className="optionText"
                  >
                    Ipsum
                  </div>,
                  "className": "option",
                },
                "ref": null,
                "rendered": Object {
                  "instance": null,
                  "key": undefined,
                  "nodeType": "host",
                  "props": Object {
                    "children": "Ipsum",
                    "className": "optionText",
                  },
                  "ref": null,
                  "rendered": "Ipsum",
                  "type": "div",
                },
                "type": "div",
              },
              "type": "div",
            },
            Object {
              "instance": null,
              "key": "lorem-ipsum",
              "nodeType": "host",
              "props": Object {
                "children": <div
                  className="option"
                >
                  <div
                    className="optionText"
                  >
                    Lorem ipsum
                  </div>
                </div>,
                "className": "optionWrapper undefined",
                "onClick": [Function],
                "style": Object {
                  "width": "25%",
                },
              },
              "ref": null,
              "rendered": Object {
                "instance": null,
                "key": undefined,
                "nodeType": "host",
                "props": Object {
                  "children": <div
                    className="optionText"
                  >
                    Lorem ipsum
                  </div>,
                  "className": "option",
                },
                "ref": null,
                "rendered": Object {
                  "instance": null,
                  "key": undefined,
                  "nodeType": "host",
                  "props": Object {
                    "children": "Lorem ipsum",
                    "className": "optionText",
                  },
                  "ref": null,
                  "rendered": "Lorem ipsum",
                  "type": "div",
                },
                "type": "div",
              },
              "type": "div",
            },
            Object {
              "instance": null,
              "key": "sed-ut-perspiciatis",
              "nodeType": "host",
              "props": Object {
                "children": <div
                  className="option"
                >
                  <div
                    className="optionText"
                  >
                    Sed ut perspiciatis
                  </div>
                </div>,
                "className": "optionWrapper undefined",
                "onClick": [Function],
                "style": Object {
                  "width": "25%",
                },
              },
              "ref": null,
              "rendered": Object {
                "instance": null,
                "key": undefined,
                "nodeType": "host",
                "props": Object {
                  "children": <div
                    className="optionText"
                  >
                    Sed ut perspiciatis
                  </div>,
                  "className": "option",
                },
                "ref": null,
                "rendered": Object {
                  "instance": null,
                  "key": undefined,
                  "nodeType": "host",
                  "props": Object {
                    "children": "Sed ut perspiciatis",
                    "className": "optionText",
                  },
                  "ref": null,
                  "rendered": "Sed ut perspiciatis",
                  "type": "div",
                },
                "type": "div",
              },
              "type": "div",
            },
          ],
          "type": "div",
        },
        "type": "div",
      },
    ],
    "type": "div",
  },
  Symbol(enzyme.__nodes__): Array [
    Object {
      "instance": null,
      "key": undefined,
      "nodeType": "host",
      "props": Object {
        "children": Array [
          null,
          <div
            className="selectInlineWrapper"
          >
            <div
              className="selectInline"
            >
              <div
                className="optionWrapper undefined"
                onClick={[Function]}
                style={
                  Object {
                    "width": "25%",
                  }
                }
              >
                <div
                  className="option"
                >
                  <div
                    className="optionText"
                  >
                    Lorem
                  </div>
                </div>
              </div>
              <div
                className="optionWrapper undefined"
                onClick={[Function]}
                style={
                  Object {
                    "width": "25%",
                  }
                }
              >
                <div
                  className="option"
                >
                  <div
                    className="optionText"
                  >
                    Ipsum
                  </div>
                </div>
              </div>
              <div
                className="optionWrapper undefined"
                onClick={[Function]}
                style={
                  Object {
                    "width": "25%",
                  }
                }
              >
                <div
                  className="option"
                >
                  <div
                    className="optionText"
                  >
                    Lorem ipsum
                  </div>
                </div>
              </div>
              <div
                className="optionWrapper undefined"
                onClick={[Function]}
                style={
                  Object {
                    "width": "25%",
                  }
                }
              >
                <div
                  className="option"
                >
                  <div
                    className="optionText"
                  >
                    Sed ut perspiciatis
                  </div>
                </div>
              </div>
            </div>
          </div>,
        ],
      },
      "ref": null,
      "rendered": Array [
        null,
        Object {
          "instance": null,
          "key": undefined,
          "nodeType": "host",
          "props": Object {
            "children": <div
              className="selectInline"
            >
              <div
                className="optionWrapper undefined"
                onClick={[Function]}
                style={
                  Object {
                    "width": "25%",
                  }
                }
              >
                <div
                  className="option"
                >
                  <div
                    className="optionText"
                  >
                    Lorem
                  </div>
                </div>
              </div>
              <div
                className="optionWrapper undefined"
                onClick={[Function]}
                style={
                  Object {
                    "width": "25%",
                  }
                }
              >
                <div
                  className="option"
                >
                  <div
                    className="optionText"
                  >
                    Ipsum
                  </div>
                </div>
              </div>
              <div
                className="optionWrapper undefined"
                onClick={[Function]}
                style={
                  Object {
                    "width": "25%",
                  }
                }
              >
                <div
                  className="option"
                >
                  <div
                    className="optionText"
                  >
                    Lorem ipsum
                  </div>
                </div>
              </div>
              <div
                className="optionWrapper undefined"
                onClick={[Function]}
                style={
                  Object {
                    "width": "25%",
                  }
                }
              >
                <div
                  className="option"
                >
                  <div
                    className="optionText"
                  >
                    Sed ut perspiciatis
                  </div>
                </div>
              </div>
            </div>,
            "className": "selectInlineWrapper",
          },
          "ref": null,
          "rendered": Object {
            "instance": null,
            "key": undefined,
            "nodeType": "host",
            "props": Object {
              "children": Array [
                <div
                  className="optionWrapper undefined"
                  onClick={[Function]}
                  style={
                    Object {
                      "width": "25%",
                    }
                  }
                >
                  <div
                    className="option"
                  >
                    <div
                      className="optionText"
                    >
                      Lorem
                    </div>
                  </div>
                </div>,
                <div
                  className="optionWrapper undefined"
                  onClick={[Function]}
                  style={
                    Object {
                      "width": "25%",
                    }
                  }
                >
                  <div
                    className="option"
                  >
                    <div
                      className="optionText"
                    >
                      Ipsum
                    </div>
                  </div>
                </div>,
                <div
                  className="optionWrapper undefined"
                  onClick={[Function]}
                  style={
                    Object {
                      "width": "25%",
                    }
                  }
                >
                  <div
                    className="option"
                  >
                    <div
                      className="optionText"
                    >
                      Lorem ipsum
                    </div>
                  </div>
                </div>,
                <div
                  className="optionWrapper undefined"
                  onClick={[Function]}
                  style={
                    Object {
                      "width": "25%",
                    }
                  }
                >
                  <div
                    className="option"
                  >
                    <div
                      className="optionText"
                    >
                      Sed ut perspiciatis
                    </div>
                  </div>
                </div>,
              ],
              "className": "selectInline",
            },
            "ref": null,
            "rendered": Array [
              Object {
                "instance": null,
                "key": "lorem",
                "nodeType": "host",
                "props": Object {
                  "children": <div
                    className="option"
                  >
                    <div
                      className="optionText"
                    >
                      Lorem
                    </div>
                  </div>,
                  "className": "optionWrapper undefined",
                  "onClick": [Function],
                  "style": Object {
                    "width": "25%",
                  },
                },
                "ref": null,
                "rendered": Object {
                  "instance": null,
                  "key": undefined,
                  "nodeType": "host",
                  "props": Object {
                    "children": <div
                      className="optionText"
                    >
                      Lorem
                    </div>,
                    "className": "option",
                  },
                  "ref": null,
                  "rendered": Object {
                    "instance": null,
                    "key": undefined,
                    "nodeType": "host",
                    "props": Object {
                      "children": "Lorem",
                      "className": "optionText",
                    },
                    "ref": null,
                    "rendered": "Lorem",
                    "type": "div",
                  },
                  "type": "div",
                },
                "type": "div",
              },
              Object {
                "instance": null,
                "key": "ipsum",
                "nodeType": "host",
                "props": Object {
                  "children": <div
                    className="option"
                  >
                    <div
                      className="optionText"
                    >
                      Ipsum
                    </div>
                  </div>,
                  "className": "optionWrapper undefined",
                  "onClick": [Function],
                  "style": Object {
                    "width": "25%",
                  },
                },
                "ref": null,
                "rendered": Object {
                  "instance": null,
                  "key": undefined,
                  "nodeType": "host",
                  "props": Object {
                    "children": <div
                      className="optionText"
                    >
                      Ipsum
                    </div>,
                    "className": "option",
                  },
                  "ref": null,
                  "rendered": Object {
                    "instance": null,
                    "key": undefined,
                    "nodeType": "host",
                    "props": Object {
                      "children": "Ipsum",
                      "className": "optionText",
                    },
                    "ref": null,
                    "rendered": "Ipsum",
                    "type": "div",
                  },
                  "type": "div",
                },
                "type": "div",
              },
              Object {
                "instance": null,
                "key": "lorem-ipsum",
                "nodeType": "host",
                "props": Object {
                  "children": <div
                    className="option"
                  >
                    <div
                      className="optionText"
                    >
                      Lorem ipsum
                    </div>
                  </div>,
                  "className": "optionWrapper undefined",
                  "onClick": [Function],
                  "style": Object {
                    "width": "25%",
                  },
                },
                "ref": null,
                "rendered": Object {
                  "instance": null,
                  "key": undefined,
                  "nodeType": "host",
                  "props": Object {
                    "children": <div
                      className="optionText"
                    >
                      Lorem ipsum
                    </div>,
                    "className": "option",
                  },
                  "ref": null,
                  "rendered": Object {
                    "instance": null,
                    "key": undefined,
                    "nodeType": "host",
                    "props": Object {
                      "children": "Lorem ipsum",
                      "className": "optionText",
                    },
                    "ref": null,
                    "rendered": "Lorem ipsum",
                    "type": "div",
                  },
                  "type": "div",
                },
                "type": "div",
              },
              Object {
                "instance": null,
                "key": "sed-ut-perspiciatis",
                "nodeType": "host",
                "props": Object {
                  "children": <div
                    className="option"
                  >
                    <div
                      className="optionText"
                    >
                      Sed ut perspiciatis
                    </div>
                  </div>,
                  "className": "optionWrapper undefined",
                  "onClick": [Function],
                  "style": Object {
                    "width": "25%",
                  },
                },
                "ref": null,
                "rendered": Object {
                  "instance": null,
                  "key": undefined,
                  "nodeType": "host",
                  "props": Object {
                    "children": <div
                      className="optionText"
                    >
                      Sed ut perspiciatis
                    </div>,
                    "className": "option",
                  },
                  "ref": null,
                  "rendered": Object {
                    "instance": null,
                    "key": undefined,
                    "nodeType": "host",
                    "props": Object {
                      "children": "Sed ut perspiciatis",
                      "className": "optionText",
                    },
                    "ref": null,
                    "rendered": "Sed ut perspiciatis",
                    "type": "div",
                  },
                  "type": "div",
                },
                "type": "div",
              },
            ],
            "type": "div",
          },
          "type": "div",
        },
      ],
      "type": "div",
    },
  ],
  Symbol(enzyme.__options__): Object {
    "adapter": ReactSixteenAdapter {
      "options": Object {
        "enableComponentDidUpdateOnSetState": true,
      },
    },
  },
}
`;
