// Jest Snapshot v1, https://goo.gl/fbAQLP

exports[`Test SelectCollapsible component should render correctly 1`] = `
ShallowWrapper {
  "length": 1,
  Symbol(enzyme.__root__): [Circular],
  Symbol(enzyme.__unrendered__): <TranslationComponent
    onClickHandler={[MockFunction]}
    options={
      Array [
        Object {
          "id": "compatibility",
          "text": "Compatibility",
        },
        Object {
          "id": "similarity",
          "text": "Similarity",
        },
        Object {
          "id": "coincidences",
          "text": "Coincidences",
        },
      ]
    }
    selected="compatibility"
    strings={
      Object {
        "games": "Leisure",
        "hobbies": "Leisure",
        "plans": "Experience",
        "restaurants": "Experience",
        "shows": "Experience",
        "sports": "Leisure",
        "work": "Work",
      }
    }
    title="Order"
  />,
  Symbol(enzyme.__renderer__): Object {
    "batchedUpdates": [Function],
    "getNode": [Function],
    "render": [Function],
    "simulateEvent": [Function],
    "unmount": [Function],
  },
  Symbol(enzyme.__node__): Object {
    "instance": null,
    "key": undefined,
    "nodeType": "class",
    "props": Object {
      "locale": undefined,
      "onClickHandler": [MockFunction],
      "options": Array [
        Object {
          "id": "compatibility",
          "text": "Compatibility",
        },
        Object {
          "id": "similarity",
          "text": "Similarity",
        },
        Object {
          "id": "coincidences",
          "text": "Coincidences",
        },
      ],
      "selected": "compatibility",
      "strings": Object {
        "games": "Leisure",
        "hobbies": "Leisure",
        "plans": "Experience",
        "restaurants": "Experience",
        "shows": "Experience",
        "sports": "Leisure",
        "work": "Work",
      },
      "title": "Order",
    },
    "ref": null,
    "rendered": null,
    "type": [Function],
  },
  Symbol(enzyme.__nodes__): Array [
    Object {
      "instance": null,
      "key": undefined,
      "nodeType": "class",
      "props": Object {
        "locale": undefined,
        "onClickHandler": [MockFunction],
        "options": Array [
          Object {
            "id": "compatibility",
            "text": "Compatibility",
          },
          Object {
            "id": "similarity",
            "text": "Similarity",
          },
          Object {
            "id": "coincidences",
            "text": "Coincidences",
          },
        ],
        "selected": "compatibility",
        "strings": Object {
          "games": "Leisure",
          "hobbies": "Leisure",
          "plans": "Experience",
          "restaurants": "Experience",
          "shows": "Experience",
          "sports": "Leisure",
          "work": "Work",
        },
        "title": "Order",
      },
      "ref": null,
      "rendered": null,
      "type": [Function],
    },
  ],
  Symbol(enzyme.__options__): Object {
    "adapter": ReactSixteenAdapter {
      "options": Object {
        "enableComponentDidUpdateOnSetState": true,
      },
    },
  },
}
`;
