// Jest Snapshot v1, https://goo.gl/fbAQLP

exports[`Test SquareIcon component should render correctly 1`] = `
ShallowWrapper {
  "length": 1,
  Symbol(enzyme.__root__): [Circular],
  Symbol(enzyme.__unrendered__): <SquareIcon
    onClickHandler={[MockFunction]}
  >
    Lorem ipsum
  </SquareIcon>,
  Symbol(enzyme.__renderer__): Object {
    "batchedUpdates": [Function],
    "getNode": [Function],
    "render": [Function],
    "simulateEvent": [Function],
    "unmount": [Function],
  },
  Symbol(enzyme.__node__): Object {
    "instance": null,
    "key": undefined,
    "nodeType": "host",
    "props": Object {
      "children": "Lorem ipsum",
      "className": "squareicon",
      "onClick": [Function],
    },
    "ref": null,
    "rendered": "Lorem ipsum",
    "type": "div",
  },
  Symbol(enzyme.__nodes__): Array [
    Object {
      "instance": null,
      "key": undefined,
      "nodeType": "host",
      "props": Object {
        "children": "Lorem ipsum",
        "className": "squareicon",
        "onClick": [Function],
      },
      "ref": null,
      "rendered": "Lorem ipsum",
      "type": "div",
    },
  ],
  Symbol(enzyme.__options__): Object {
    "adapter": ReactSixteenAdapter {
      "options": Object {
        "enableComponentDidUpdateOnSetState": true,
      },
    },
  },
}
`;
