// Jest Snapshot v1, https://goo.gl/fbAQLP

exports[`Test StepsBar component should render correctly 1`] = `
ShallowWrapper {
  "length": 1,
  Symbol(enzyme.__root__): [Circular],
  Symbol(enzyme.__unrendered__): <StepsBar
    canContinue={true}
    cantContinueText="You cannot continue"
    continueText="Continue"
    currentStep={0}
    onClickHandler={[MockFunction]}
    totalSteps={3}
  />,
  Symbol(enzyme.__renderer__): Object {
    "batchedUpdates": [Function],
    "getNode": [Function],
    "render": [Function],
    "simulateEvent": [Function],
    "unmount": [Function],
  },
  Symbol(enzyme.__node__): Object {
    "instance": null,
    "key": undefined,
    "nodeType": "host",
    "props": Object {
      "children": <div
        className="stepsBar undefined"
        onClick={[Function]}
      >
        <ul
          className="dots"
        >
          <li
            className="active"
          >
            <div
              className="dot"
            />
          </li>
          <li
            className={null}
          >
            <div
              className="dot"
            />
          </li>
          <li
            className={null}
          >
            <div
              className="dot"
            />
          </li>
        </ul>
        <div
          className="continue small"
        >
          Continue 
          <span
            className="icon icon-arrow-right"
          />
        </div>
      </div>,
      "className": "stepsBarWrapper",
    },
    "ref": null,
    "rendered": Object {
      "instance": null,
      "key": undefined,
      "nodeType": "host",
      "props": Object {
        "children": Array [
          <ul
            className="dots"
          >
            <li
              className="active"
            >
              <div
                className="dot"
              />
            </li>
            <li
              className={null}
            >
              <div
                className="dot"
              />
            </li>
            <li
              className={null}
            >
              <div
                className="dot"
              />
            </li>
          </ul>,
          <div
            className="continue small"
          >
            Continue 
            <span
              className="icon icon-arrow-right"
            />
          </div>,
        ],
        "className": "stepsBar undefined",
        "onClick": [Function],
      },
      "ref": null,
      "rendered": Array [
        Object {
          "instance": null,
          "key": undefined,
          "nodeType": "host",
          "props": Object {
            "children": Array [
              <li
                className="active"
              >
                <div
                  className="dot"
                />
              </li>,
              <li
                className={null}
              >
                <div
                  className="dot"
                />
              </li>,
              <li
                className={null}
              >
                <div
                  className="dot"
                />
              </li>,
            ],
            "className": "dots",
          },
          "ref": null,
          "rendered": Array [
            Object {
              "instance": null,
              "key": "0",
              "nodeType": "host",
              "props": Object {
                "children": <div
                  className="dot"
                />,
                "className": "active",
              },
              "ref": null,
              "rendered": Object {
                "instance": null,
                "key": undefined,
                "nodeType": "host",
                "props": Object {
                  "className": "dot",
                },
                "ref": null,
                "rendered": null,
                "type": "div",
              },
              "type": "li",
            },
            Object {
              "instance": null,
              "key": "1",
              "nodeType": "host",
              "props": Object {
                "children": <div
                  className="dot"
                />,
                "className": null,
              },
              "ref": null,
              "rendered": Object {
                "instance": null,
                "key": undefined,
                "nodeType": "host",
                "props": Object {
                  "className": "dot",
                },
                "ref": null,
                "rendered": null,
                "type": "div",
              },
              "type": "li",
            },
            Object {
              "instance": null,
              "key": "2",
              "nodeType": "host",
              "props": Object {
                "children": <div
                  className="dot"
                />,
                "className": null,
              },
              "ref": null,
              "rendered": Object {
                "instance": null,
                "key": undefined,
                "nodeType": "host",
                "props": Object {
                  "className": "dot",
                },
                "ref": null,
                "rendered": null,
                "type": "div",
              },
              "type": "li",
            },
          ],
          "type": "ul",
        },
        Object {
          "instance": null,
          "key": undefined,
          "nodeType": "host",
          "props": Object {
            "children": Array [
              "Continue ",
              <span
                className="icon icon-arrow-right"
              />,
            ],
            "className": "continue small",
          },
          "ref": null,
          "rendered": Array [
            "Continue ",
            Object {
              "instance": null,
              "key": undefined,
              "nodeType": "host",
              "props": Object {
                "className": "icon icon-arrow-right",
              },
              "ref": null,
              "rendered": null,
              "type": "span",
            },
          ],
          "type": "div",
        },
      ],
      "type": "div",
    },
    "type": "div",
  },
  Symbol(enzyme.__nodes__): Array [
    Object {
      "instance": null,
      "key": undefined,
      "nodeType": "host",
      "props": Object {
        "children": <div
          className="stepsBar undefined"
          onClick={[Function]}
        >
          <ul
            className="dots"
          >
            <li
              className="active"
            >
              <div
                className="dot"
              />
            </li>
            <li
              className={null}
            >
              <div
                className="dot"
              />
            </li>
            <li
              className={null}
            >
              <div
                className="dot"
              />
            </li>
          </ul>
          <div
            className="continue small"
          >
            Continue 
            <span
              className="icon icon-arrow-right"
            />
          </div>
        </div>,
        "className": "stepsBarWrapper",
      },
      "ref": null,
      "rendered": Object {
        "instance": null,
        "key": undefined,
        "nodeType": "host",
        "props": Object {
          "children": Array [
            <ul
              className="dots"
            >
              <li
                className="active"
              >
                <div
                  className="dot"
                />
              </li>
              <li
                className={null}
              >
                <div
                  className="dot"
                />
              </li>
              <li
                className={null}
              >
                <div
                  className="dot"
                />
              </li>
            </ul>,
            <div
              className="continue small"
            >
              Continue 
              <span
                className="icon icon-arrow-right"
              />
            </div>,
          ],
          "className": "stepsBar undefined",
          "onClick": [Function],
        },
        "ref": null,
        "rendered": Array [
          Object {
            "instance": null,
            "key": undefined,
            "nodeType": "host",
            "props": Object {
              "children": Array [
                <li
                  className="active"
                >
                  <div
                    className="dot"
                  />
                </li>,
                <li
                  className={null}
                >
                  <div
                    className="dot"
                  />
                </li>,
                <li
                  className={null}
                >
                  <div
                    className="dot"
                  />
                </li>,
              ],
              "className": "dots",
            },
            "ref": null,
            "rendered": Array [
              Object {
                "instance": null,
                "key": "0",
                "nodeType": "host",
                "props": Object {
                  "children": <div
                    className="dot"
                  />,
                  "className": "active",
                },
                "ref": null,
                "rendered": Object {
                  "instance": null,
                  "key": undefined,
                  "nodeType": "host",
                  "props": Object {
                    "className": "dot",
                  },
                  "ref": null,
                  "rendered": null,
                  "type": "div",
                },
                "type": "li",
              },
              Object {
                "instance": null,
                "key": "1",
                "nodeType": "host",
                "props": Object {
                  "children": <div
                    className="dot"
                  />,
                  "className": null,
                },
                "ref": null,
                "rendered": Object {
                  "instance": null,
                  "key": undefined,
                  "nodeType": "host",
                  "props": Object {
                    "className": "dot",
                  },
                  "ref": null,
                  "rendered": null,
                  "type": "div",
                },
                "type": "li",
              },
              Object {
                "instance": null,
                "key": "2",
                "nodeType": "host",
                "props": Object {
                  "children": <div
                    className="dot"
                  />,
                  "className": null,
                },
                "ref": null,
                "rendered": Object {
                  "instance": null,
                  "key": undefined,
                  "nodeType": "host",
                  "props": Object {
                    "className": "dot",
                  },
                  "ref": null,
                  "rendered": null,
                  "type": "div",
                },
                "type": "li",
              },
            ],
            "type": "ul",
          },
          Object {
            "instance": null,
            "key": undefined,
            "nodeType": "host",
            "props": Object {
              "children": Array [
                "Continue ",
                <span
                  className="icon icon-arrow-right"
                />,
              ],
              "className": "continue small",
            },
            "ref": null,
            "rendered": Array [
              "Continue ",
              Object {
                "instance": null,
                "key": undefined,
                "nodeType": "host",
                "props": Object {
                  "className": "icon icon-arrow-right",
                },
                "ref": null,
                "rendered": null,
                "type": "span",
              },
            ],
            "type": "div",
          },
        ],
        "type": "div",
      },
      "type": "div",
    },
  ],
  Symbol(enzyme.__options__): Object {
    "adapter": ReactSixteenAdapter {
      "options": Object {
        "enableComponentDidUpdateOnSetState": true,
      },
    },
  },
}
`;
