// Jest Snapshot v1, https://goo.gl/fbAQLP

exports[`Test Textarea component should render correctly 1`] = `
ShallowWrapper {
  "length": 1,
  Symbol(enzyme.__root__): [Circular],
  Symbol(enzyme.__unrendered__): <Textarea
    onClickHandler={[MockFunction]}
  >
    Lorem ipsum
  </Textarea>,
  Symbol(enzyme.__renderer__): Object {
    "batchedUpdates": [Function],
    "getNode": [Function],
    "render": [Function],
    "simulateEvent": [Function],
    "unmount": [Function],
  },
  Symbol(enzyme.__node__): Object {
    "instance": null,
    "key": undefined,
    "nodeType": "host",
    "props": Object {
      "children": <div
        className="input"
      >
        <textarea
          onChange={[Function]}
        />
      </div>,
      "className": "inputWrapper",
    },
    "ref": null,
    "rendered": Object {
      "instance": null,
      "key": undefined,
      "nodeType": "host",
      "props": Object {
        "children": <textarea
          onChange={[Function]}
        />,
        "className": "input",
      },
      "ref": null,
      "rendered": Object {
        "instance": null,
        "key": undefined,
        "nodeType": "host",
        "props": Object {
          "defaultValue": undefined,
          "onChange": [Function],
          "placeholder": undefined,
          "value": undefined,
        },
        "ref": "textarea",
        "rendered": null,
        "type": "textarea",
      },
      "type": "div",
    },
    "type": "div",
  },
  Symbol(enzyme.__nodes__): Array [
    Object {
      "instance": null,
      "key": undefined,
      "nodeType": "host",
      "props": Object {
        "children": <div
          className="input"
        >
          <textarea
            onChange={[Function]}
          />
        </div>,
        "className": "inputWrapper",
      },
      "ref": null,
      "rendered": Object {
        "instance": null,
        "key": undefined,
        "nodeType": "host",
        "props": Object {
          "children": <textarea
            onChange={[Function]}
          />,
          "className": "input",
        },
        "ref": null,
        "rendered": Object {
          "instance": null,
          "key": undefined,
          "nodeType": "host",
          "props": Object {
            "defaultValue": undefined,
            "onChange": [Function],
            "placeholder": undefined,
            "value": undefined,
          },
          "ref": "textarea",
          "rendered": null,
          "type": "textarea",
        },
        "type": "div",
      },
      "type": "div",
    },
  ],
  Symbol(enzyme.__options__): Object {
    "adapter": ReactSixteenAdapter {
      "options": Object {
        "enableComponentDidUpdateOnSetState": true,
      },
    },
  },
}
`;
