// Jest Snapshot v1, https://goo.gl/fbAQLP

exports[`Test TopNavBar component should render correctly 1`] = `
ShallowWrapper {
  "length": 1,
  Symbol(enzyme.__root__): [Circular],
  Symbol(enzyme.__unrendered__): <TopNavBar
    firstIconRight="delete"
    leftIcon="left-arrow"
    onLeftLinkClickHandler={[MockFunction]}
    onRightLinkClickHandler={[MockFunction]}
    textCenter="Foo"
  />,
  Symbol(enzyme.__renderer__): Object {
    "batchedUpdates": [Function],
    "getNode": [Function],
    "render": [Function],
    "simulateEvent": [Function],
    "unmount": [Function],
  },
  Symbol(enzyme.__node__): Object {
    "instance": null,
    "key": undefined,
    "nodeType": "class",
    "props": Object {
      "children": Array [
        <div
          className="left"
          onClick={[Function]}
        >
          <div
            className="link"
          />
        </div>,
        <div
          className="center"
        >
          Foo
        </div>,
        <div
          className="right"
        >
          <div
            className="icon icon icon-delete"
            onClick={[MockFunction]}
          />
        </div>,
      ],
    },
    "ref": null,
    "rendered": Array [
      Object {
        "instance": null,
        "key": undefined,
        "nodeType": "host",
        "props": Object {
          "children": <div
            className="link"
          />,
          "className": "left",
          "onClick": [Function],
        },
        "ref": null,
        "rendered": Object {
          "instance": null,
          "key": undefined,
          "nodeType": "host",
          "props": Object {
            "children": undefined,
            "className": "link",
          },
          "ref": null,
          "rendered": null,
          "type": "div",
        },
        "type": "div",
      },
      Object {
        "instance": null,
        "key": undefined,
        "nodeType": "host",
        "props": Object {
          "children": "Foo",
          "className": "center",
        },
        "ref": null,
        "rendered": "Foo",
        "type": "div",
      },
      Object {
        "instance": null,
        "key": undefined,
        "nodeType": "host",
        "props": Object {
          "children": Array [
            <div
              className="icon icon icon-delete"
              onClick={[MockFunction]}
            />,
            null,
            null,
            null,
            null,
            null,
          ],
          "className": "right",
        },
        "ref": null,
        "rendered": Array [
          Object {
            "instance": null,
            "key": undefined,
            "nodeType": "host",
            "props": Object {
              "className": "icon icon icon-delete",
              "onClick": [MockFunction],
            },
            "ref": null,
            "rendered": null,
            "type": "div",
          },
          null,
          null,
          null,
          null,
          null,
        ],
        "type": "div",
      },
    ],
    "type": [Function],
  },
  Symbol(enzyme.__nodes__): Array [
    Object {
      "instance": null,
      "key": undefined,
      "nodeType": "class",
      "props": Object {
        "children": Array [
          <div
            className="left"
            onClick={[Function]}
          >
            <div
              className="link"
            />
          </div>,
          <div
            className="center"
          >
            Foo
          </div>,
          <div
            className="right"
          >
            <div
              className="icon icon icon-delete"
              onClick={[MockFunction]}
            />
          </div>,
        ],
      },
      "ref": null,
      "rendered": Array [
        Object {
          "instance": null,
          "key": undefined,
          "nodeType": "host",
          "props": Object {
            "children": <div
              className="link"
            />,
            "className": "left",
            "onClick": [Function],
          },
          "ref": null,
          "rendered": Object {
            "instance": null,
            "key": undefined,
            "nodeType": "host",
            "props": Object {
              "children": undefined,
              "className": "link",
            },
            "ref": null,
            "rendered": null,
            "type": "div",
          },
          "type": "div",
        },
        Object {
          "instance": null,
          "key": undefined,
          "nodeType": "host",
          "props": Object {
            "children": "Foo",
            "className": "center",
          },
          "ref": null,
          "rendered": "Foo",
          "type": "div",
        },
        Object {
          "instance": null,
          "key": undefined,
          "nodeType": "host",
          "props": Object {
            "children": Array [
              <div
                className="icon icon icon-delete"
                onClick={[MockFunction]}
              />,
              null,
              null,
              null,
              null,
              null,
            ],
            "className": "right",
          },
          "ref": null,
          "rendered": Array [
            Object {
              "instance": null,
              "key": undefined,
              "nodeType": "host",
              "props": Object {
                "className": "icon icon icon-delete",
                "onClick": [MockFunction],
              },
              "ref": null,
              "rendered": null,
              "type": "div",
            },
            null,
            null,
            null,
            null,
            null,
          ],
          "type": "div",
        },
      ],
      "type": [Function],
    },
  ],
  Symbol(enzyme.__options__): Object {
    "adapter": ReactSixteenAdapter {
      "options": Object {
        "enableComponentDidUpdateOnSetState": true,
      },
    },
    "context": Object {
      "router": Object {
        "getCurrentLocation": [Function],
      },
    },
  },
}
`;
