// Jest Snapshot v1, https://goo.gl/fbAQLP

exports[`Test ProposalCard component should render correctly 1`] = `
ShallowWrapper {
  "length": 1,
  Symbol(enzyme.__root__): [Circular],
  Symbol(enzyme.__unrendered__): <TranslationComponent
    age={36}
    city="New York"
    description="Lorem ipsum dolor sit amet"
    image="http://via.placeholder.com/360x180"
    matching={12}
    nickname="JohnDoe"
    onClickHandler={[MockFunction]}
    photo="http://via.placeholder.com/100x100"
    similarity={35}
    strings={
      Object {
        "compatible": "Compatible",
        "project": "Project",
        "similar": "Similar",
      }
    }
    title="Lorem ipsum dolor sit amet"
    type="work"
  />,
  Symbol(enzyme.__renderer__): Object {
    "batchedUpdates": [Function],
    "getNode": [Function],
    "render": [Function],
    "simulateEvent": [Function],
    "unmount": [Function],
  },
  Symbol(enzyme.__node__): Object {
    "instance": null,
    "key": undefined,
    "nodeType": "class",
    "props": Object {
      "age": 36,
      "city": "New York",
      "description": "Lorem ipsum dolor sit amet",
      "image": "http://via.placeholder.com/360x180",
      "locale": undefined,
      "matching": 12,
      "nickname": "JohnDoe",
      "onClickHandler": [MockFunction],
      "photo": "http://via.placeholder.com/100x100",
      "similarity": 35,
      "strings": Object {
        "compatible": "Compatible",
        "project": "Project",
        "similar": "Similar",
      },
      "title": "Lorem ipsum dolor sit amet",
      "type": "work",
    },
    "ref": null,
    "rendered": null,
    "type": [Function],
  },
  Symbol(enzyme.__nodes__): Array [
    Object {
      "instance": null,
      "key": undefined,
      "nodeType": "class",
      "props": Object {
        "age": 36,
        "city": "New York",
        "description": "Lorem ipsum dolor sit amet",
        "image": "http://via.placeholder.com/360x180",
        "locale": undefined,
        "matching": 12,
        "nickname": "JohnDoe",
        "onClickHandler": [MockFunction],
        "photo": "http://via.placeholder.com/100x100",
        "similarity": 35,
        "strings": Object {
          "compatible": "Compatible",
          "project": "Project",
          "similar": "Similar",
        },
        "title": "Lorem ipsum dolor sit amet",
        "type": "work",
      },
      "ref": null,
      "rendered": null,
      "type": [Function],
    },
  ],
  Symbol(enzyme.__options__): Object {
    "adapter": ReactSixteenAdapter {
      "options": Object {
        "enableComponentDidUpdateOnSetState": true,
      },
    },
  },
}
`;
